 
****************************************
Report : reference
Design : sha256
Version: O-2018.06-SP1
Date   : Fri Sep 15 10:31:35 2023
****************************************

Attributes:
    b - black box (unknown)
   bo - allows boundary optimization
    d - dont_touch
   mo - map_only
    h - hierarchical
    n - noncombinational
    r - removable
    s - synthetic operator
    u - contains unmapped logic

Reference          Library       Unit Area   Count    Total Area   Attributes
-----------------------------------------------------------------------------
CLKINVX3           slow           5.092200       2     10.184400  
INVX3              slow           5.092200      20    101.843996  
TIEHI              slow           3.394800       1      3.394800  
TIELO              slow           3.394800       1      3.394800  
sha256_axir                    5272.124397       1   5272.124397  h, n
sha256_cfg                     6372.039463       1   6372.039463  h, n
sha256_core                   66089.966850       1  66089.966850  h, n
sha256_flow_ctl                 622.945790       1    622.945790  h, n
sync_fifo_FIFO_WIDTH32_FIFO_DEPTH16_FIFO_ADDR_BIT4 18498.265332       1 18498.265332 h, n
-----------------------------------------------------------------------------
Total 9 references                                  96974.159827

****************************************
Design: sha256_axir 
****************************************
Reference          Library       Unit Area   Count    Total Area   Attributes
-----------------------------------------------------------------------------
AO21X1             slow           8.487000       1      8.487000  
AO22X1             slow          10.184400      67    682.354774  
AOI21X1            slow           8.487000       3     25.461001  
AOI211X1           slow           8.487000       3     25.461001  
BUFX2              slow           6.789600      38    258.004796  
BUFX20             slow          28.855801       1     28.855801  
CLKINVX1           slow           3.394800       1      3.394800  
CLKMX2X4           slow          15.276600       4     61.106400  
DFFQX1             slow          25.461000      45   1145.745020  n
DFFQX4             slow          33.948002      26    882.648048  n
DFFRX1             slow          32.250599       3     96.751797  n
DFFRX4             slow          47.527199       1     47.527199  n
INVX1              slow           3.394800      22     74.685599  
INVX3              slow           5.092200       4     20.368799  
NAND2BX1           slow           6.789600       3     20.368800  
NAND2X1            slow           5.092200       9     45.829798  
NAND2X4            slow          11.881800       1     11.881800  
NAND3BX1           slow           8.487000       3     25.461001  
NAND4X1            slow           8.487000       1      8.487000  
NOR2BX1            slow           6.789600       1      6.789600  
NOR2X1             slow           5.092200       6     30.553199  
NOR2X2             slow           8.487000       1      8.487000  
NOR3X1             slow           6.789600       1      6.789600  
NOR4X1             slow           8.487000       2     16.974001  
OAI2BB1X1          slow           8.487000       2     16.974001  
OAI2BB2X1          slow          11.881800       1     11.881800  
OAI21X1            slow           8.487000       1      8.487000  
OAI211X1           slow           8.487000       1      8.487000  
SNPS_CLOCK_GATE_HIGH_sha256_axir_1    30.553201       1    30.553201 h, n
SNPS_CLOCK_GATE_HIGH_sha256_axir_2    32.250601       1    32.250601 h, n
TIELO              slow           3.394800       1      3.394800  
sha256_axir_DP_OP_47J2_123_7638_0  1617.622159       1  1617.622159 h
-----------------------------------------------------------------------------
Total 32 references                                  5272.124397

****************************************
Design: SNPS_CLOCK_GATE_HIGH_sha256_axir_1 
****************************************
Reference          Library       Unit Area   Count    Total Area   Attributes
-----------------------------------------------------------------------------
AND2X1             slow           6.789600       1      6.789600  
OR2X1              slow           6.789600       1      6.789600  
TLATNX1            slow          16.974001       1     16.974001  n
-----------------------------------------------------------------------------
Total 3 references                                     30.553201

****************************************
Design: SNPS_CLOCK_GATE_HIGH_sha256_axir_2 
****************************************
Reference          Library       Unit Area   Count    Total Area   Attributes
-----------------------------------------------------------------------------
AND2X2             slow           6.789600       1      6.789600  
OR2X2              slow           8.487000       1      8.487000  
TLATNX1            slow          16.974001       1     16.974001  n
-----------------------------------------------------------------------------
Total 3 references                                     32.250601

****************************************
Design: sha256_axir_DP_OP_47J2_123_7638_0 
****************************************
Reference          Library       Unit Area   Count    Total Area   Attributes
-----------------------------------------------------------------------------
ADDHX1             slow          20.368799       5    101.843996  r
AND2X1             slow           6.789600       1      6.789600  
AOI21X1            slow           8.487000       2     16.974001  
BUFX2              slow           6.789600       2     13.579200  
INVX1              slow           3.394800      64    217.267197  
NAND2X1            slow           5.092200      49    249.517790  
NOR2X1             slow           5.092200      58    295.347589  
OAI21X1            slow           8.487000       6     50.922003  
OR2X1              slow           6.789600       1      6.789600  
OR2X2              slow           8.487000       2     16.974001  
XNOR2X1            slow          11.881800      25    297.044992  
XOR2X1             slow          11.881800      29    344.572191  
-----------------------------------------------------------------------------
Total 12 references                                  1617.622159

****************************************
Design: sha256_cfg 
****************************************
Reference          Library       Unit Area   Count    Total Area   Attributes
-----------------------------------------------------------------------------
AND2X1             slow           6.789600       1      6.789600  
AO22X1             slow          10.184400      35    356.453986  
AOI2BB1X1          slow           8.487000       2     16.974001  
AOI22X1            slow          10.184400      93    947.149163  
AOI31X1            slow          10.184400       1     10.184400  
AOI211X1           slow           8.487000      33    280.071015  
BUFX2              slow           6.789600      28    190.108797  
CLKBUFX3           slow           6.789600       2     13.579200  
CLKINVX1           slow           3.394800       1      3.394800  
CLKINVX3           slow           5.092200       1      5.092200  
CLKINVX8           slow          10.184400       1     10.184400  
DFFRX1             slow          32.250599      65   2096.288929  n
DFFRX4             slow          47.527199      33   1568.397560  n
DFFSX1             slow          30.553200       1     30.553200  n
INVX1              slow           3.394800       7     23.763600  
INVX4              slow           6.789600       1      6.789600  
INVX8              slow          10.184400       1     10.184400  
NAND2X1            slow           5.092200       7     35.645399  
NAND3X1            slow           6.789600      34    230.846396  
NAND4X1            slow           8.487000       1      8.487000  
NOR2BX1            slow           6.789600       1      6.789600  
NOR2X1             slow           5.092200      10     50.921998  
NOR3X1             slow           6.789600       1      6.789600  
NOR4X1             slow           8.487000       1      8.487000  
OAI2BB1X1          slow           8.487000      31    263.097014  
OAI211X1           slow           8.487000       1      8.487000  
SNPS_CLOCK_GATE_HIGH_sync_fifo_FIFO_WIDTH32_FIFO_DEPTH16_FIFO_ADDR_BIT4_50    39.040201       1    39.040201 h, n
SNPS_CLOCK_GATE_HIGH_sync_fifo_FIFO_WIDTH32_FIFO_DEPTH16_FIFO_ADDR_BIT4_51    30.553201       1    30.553201 h, n
SNPS_CLOCK_GATE_HIGH_sync_fifo_FIFO_WIDTH32_FIFO_DEPTH16_FIFO_ADDR_BIT4_52    39.040201       1    39.040201 h, n
SNPS_CLOCK_GATE_HIGH_sync_fifo_FIFO_WIDTH32_FIFO_DEPTH16_FIFO_ADDR_BIT4_53    32.250601       1    32.250601 h, n
SNPS_CLOCK_GATE_HIGH_sync_fifo_FIFO_WIDTH32_FIFO_DEPTH16_FIFO_ADDR_BIT4_54    32.250601       1    32.250601 h, n
TIELO              slow           3.394800       1      3.394800  
-----------------------------------------------------------------------------
Total 32 references                                  6372.039463

****************************************
Design: SNPS_CLOCK_GATE_HIGH_sync_fifo_FIFO_WIDTH32_FIFO_DEPTH16_FIFO_ADDR_BIT4_50 
****************************************
Reference          Library       Unit Area   Count    Total Area   Attributes
-----------------------------------------------------------------------------
AND2X1             slow           6.789600       1      6.789600  
OR2X6              slow          15.276600       1     15.276600  
TLATNX1            slow          16.974001       1     16.974001  n
-----------------------------------------------------------------------------
Total 3 references                                     39.040201

****************************************
Design: SNPS_CLOCK_GATE_HIGH_sync_fifo_FIFO_WIDTH32_FIFO_DEPTH16_FIFO_ADDR_BIT4_51 
****************************************
Reference          Library       Unit Area   Count    Total Area   Attributes
-----------------------------------------------------------------------------
AND2X1             slow           6.789600       1      6.789600  
OR2X1              slow           6.789600       1      6.789600  
TLATNX1            slow          16.974001       1     16.974001  n
-----------------------------------------------------------------------------
Total 3 references                                     30.553201

****************************************
Design: SNPS_CLOCK_GATE_HIGH_sync_fifo_FIFO_WIDTH32_FIFO_DEPTH16_FIFO_ADDR_BIT4_52 
****************************************
Reference          Library       Unit Area   Count    Total Area   Attributes
-----------------------------------------------------------------------------
AND2X2             slow           6.789600       1      6.789600  
OR2X6              slow          15.276600       1     15.276600  
TLATNX1            slow          16.974001       1     16.974001  n
-----------------------------------------------------------------------------
Total 3 references                                     39.040201

****************************************
Design: SNPS_CLOCK_GATE_HIGH_sync_fifo_FIFO_WIDTH32_FIFO_DEPTH16_FIFO_ADDR_BIT4_53 
****************************************
Reference          Library       Unit Area   Count    Total Area   Attributes
-----------------------------------------------------------------------------
AND2X2             slow           6.789600       1      6.789600  
OR2X2              slow           8.487000       1      8.487000  
TLATNX1            slow          16.974001       1     16.974001  n
-----------------------------------------------------------------------------
Total 3 references                                     32.250601

****************************************
Design: SNPS_CLOCK_GATE_HIGH_sync_fifo_FIFO_WIDTH32_FIFO_DEPTH16_FIFO_ADDR_BIT4_54 
****************************************
Reference          Library       Unit Area   Count    Total Area   Attributes
-----------------------------------------------------------------------------
AND2X2             slow           6.789600       1      6.789600  
OR2X2              slow           8.487000       1      8.487000  
TLATNX1            slow          16.974001       1     16.974001  n
-----------------------------------------------------------------------------
Total 3 references                                     32.250601

****************************************
Design: sha256_core 
****************************************
Reference          Library       Unit Area   Count    Total Area   Attributes
-----------------------------------------------------------------------------
SNPS_CLOCK_GATE_HIGH_sha256_loop_3    32.250601       1    32.250601 h, n
TIELO              slow           3.394800       1      3.394800  
sha256_k_lut                   3152.071815       1   3152.071815  h, n
sha256_loop                   44264.797400       1  44264.797400  h, n
sha256_w_reg                  18637.452233       1  18637.452233  h, n
-----------------------------------------------------------------------------
Total 5 references                                  66089.966850

****************************************
Design: SNPS_CLOCK_GATE_HIGH_sha256_loop_3 
****************************************
Reference          Library       Unit Area   Count    Total Area   Attributes
-----------------------------------------------------------------------------
AND2X2             slow           6.789600       1      6.789600  
OR2X2              slow           8.487000       1      8.487000  
TLATNX1            slow          16.974001       1     16.974001  n
-----------------------------------------------------------------------------
Total 3 references                                     32.250601

****************************************
Design: sha256_k_lut 
****************************************
Reference          Library       Unit Area   Count    Total Area   Attributes
-----------------------------------------------------------------------------
AND2X1             slow           6.789600       4     27.158400  
AND3X1             slow           8.487000       1      8.487000  
AND4X1             slow          10.184400       4     40.737598  
AO21X1             slow           8.487000       1      8.487000  
AOI211X1           slow           8.487000       6     50.922003  
BUFX2              slow           6.789600       2     13.579200  
DFFQX1             slow          25.461000      32    814.752014  n
INVX1              slow           3.394800      84    285.163196  
NAND2BX1           slow           6.789600      10     67.895999  
NAND2X1            slow           5.092200      62    315.716388  
NAND3BX1           slow           8.487000       6     50.922003  
NAND3X1            slow           6.789600      19    129.002398  
NAND4BX1           slow          10.184400      14    142.581594  
NAND4X1            slow           8.487000      25    212.175012  
NOR2BX1            slow           6.789600       7     47.527199  
NOR2X1             slow           5.092200      61    310.624188  
NOR3X1             slow           6.789600      15    101.843998  
NOR4BX1            slow          11.881800       1     11.881800  
NOR4X1             slow           8.487000      38    322.506018  
OAI2BB1X1          slow           8.487000       1      8.487000  
OAI21X1            slow           8.487000       2     16.974001  
OAI211X1           slow           8.487000      12    101.844006  
OR2X1              slow           6.789600       2     13.579200  
OR2X2              slow           8.487000       3     25.461001  
OR4X2              slow          11.881800       2     23.763599  
-----------------------------------------------------------------------------
Total 25 references                                  3152.071815

****************************************
Design: sha256_loop 
****************************************
Reference          Library       Unit Area   Count    Total Area   Attributes
-----------------------------------------------------------------------------
AND2X1             slow           6.789600     120    814.751987  
AO21X1             slow           8.487000      79    670.473037  
AO22X1             slow          10.184400     131   1334.156348  
AO22X4             slow          15.276600       1     15.276600  
BUFX2              slow           6.789600      52    353.059195  
CLKBUFX3           slow           6.789600       1      6.789600  
CLKINVX1           slow           3.394800       2      6.789600  
CLKINVX3           slow           5.092200       1      5.092200  
CLKMX2X2           slow          13.579200       8    108.633598  
DFFHQX2            slow          35.645401       1     35.645401  n
DFFHQX4            slow          45.829800       4    183.319199  n
DFFQX1             slow          25.461000     479  12195.819212  n
DFFQX2             slow          27.158400      23    624.643190  n
DFFQX4             slow          33.948002       5    169.740009  n
DFFRX1             slow          32.250599       9    290.255390  n
INVX1              slow           3.394800     207    702.723589  
INVX2              slow           5.092200       1      5.092200  
INVX3              slow           5.092200       1      5.092200  
MX2X1              slow          13.579200      24    325.900795  
NAND2BX1           slow           6.789600       3     20.368800  
NAND2BX2           slow          10.184400       1     10.184400  
NAND2X1            slow           5.092200     142    723.092372  
NOR2BX1            slow           6.789600       6     40.737599  
NOR2X1             slow           5.092200       6     30.553199  
OA21X1             slow          10.184400       1     10.184400  
OAI2BB1X1          slow           8.487000      91    772.317042  
OAI21X1            slow           8.487000      32    271.584015  
OAI211X1           slow           8.487000     135   1145.745063  
OR2X1              slow           6.789600       2     13.579200  
OR2X2              slow           8.487000       1      8.487000  
SNPS_CLOCK_GATE_HIGH_sha256_loop_0    32.250601       1    32.250601 h, n
SNPS_CLOCK_GATE_HIGH_sha256_loop_1    32.250601       1    32.250601 h, n
TIELO              slow           3.394800       1      3.394800  
XOR2X1             slow          11.881800     127   1508.988562  
XOR2X2             slow          20.368799       1     20.368799  
sha256_loop_DP_OP_71J1_122_6292_0  9958.645874       1  9958.645874 h
sha256_loop_DW01_add_0         1476.737991       1   1476.737991  h
sha256_loop_DW01_add_1         1476.737991       1   1476.737991  h
sha256_loop_DW01_add_2         1476.737991       1   1476.737991  h
sha256_loop_DW01_add_3         1475.040590       1   1475.040590  h
sha256_loop_DW01_add_4         1473.343189       1   1473.343189  h
sha256_loop_DW01_add_5         1476.737991       1   1476.737991  h
sha256_loop_DW01_add_6         1476.737991       1   1476.737991  h
sha256_loop_DW01_add_7         1476.737991       1   1476.737991  h
-----------------------------------------------------------------------------
Total 44 references                                 44264.797400

****************************************
Design: SNPS_CLOCK_GATE_HIGH_sha256_loop_0 
****************************************
Reference          Library       Unit Area   Count    Total Area   Attributes
-----------------------------------------------------------------------------
AND2X2             slow           6.789600       1      6.789600  
OR2X2              slow           8.487000       1      8.487000  
TLATNX1            slow          16.974001       1     16.974001  n
-----------------------------------------------------------------------------
Total 3 references                                     32.250601

****************************************
Design: SNPS_CLOCK_GATE_HIGH_sha256_loop_1 
****************************************
Reference          Library       Unit Area   Count    Total Area   Attributes
-----------------------------------------------------------------------------
AND2X2             slow           6.789600       1      6.789600  
OR2X2              slow           8.487000       1      8.487000  
TLATNX1            slow          16.974001       1     16.974001  n
-----------------------------------------------------------------------------
Total 3 references                                     32.250601

****************************************
Design: sha256_loop_DP_OP_71J1_122_6292_0 
****************************************
Reference          Library       Unit Area   Count    Total Area   Attributes
-----------------------------------------------------------------------------
ADDFHX1            slow          39.040199       8    312.321594  r
ADDFHX2            slow          54.316799       2    108.633598  r
ADDFX1             slow          35.645401     105   3742.767105  r
ADDFX2             slow          35.645401       9    320.808609  r
ADDHX1             slow          20.368799       3     61.106398  r
AO21X1             slow           8.487000       1      8.487000  
AOI21X1            slow           8.487000      44    373.428020  
AOI21X2            slow          13.579200       2     27.158400  
AOI21X4            slow          18.671400       2     37.342800  
BUFX4              slow           8.487000       1      8.487000  
BUFX8              slow          13.579200       1     13.579200  
CLKINVX2           slow           5.092200       1      5.092200  
CMPR42X1           slow          61.106400      28   1710.979187  r
CMPR42X2           slow          67.896004       1     67.896004  r
INVX1              slow           3.394800     119    403.981194  
NAND2X1            slow           5.092200     149    758.737771  
NAND2X2            slow           8.487000       1      8.487000  
NOR2X1             slow           5.092200      87    443.021383  
NOR2X2             slow           8.487000       3     25.461001  
OA21X1             slow          10.184400       1     10.184400  
OAI2BB1X1          slow           8.487000       1      8.487000  
OAI21X1            slow           8.487000      64    543.168030  
OAI21X2            slow          13.579200       5     67.895999  
OR2X1              slow           6.789600       2     13.579200  
OR2X2              slow           8.487000       2     16.974001  
XNOR2X1            slow          11.881800      41    487.153788  
XOR2X1             slow          11.881800      29    344.572191  
XOR3X1             slow          28.855801       1     28.855801  
-----------------------------------------------------------------------------
Total 28 references                                  9958.645874

****************************************
Design: sha256_loop_DW01_add_0 
****************************************
Reference          Library       Unit Area   Count    Total Area   Attributes
-----------------------------------------------------------------------------
AND2X1             slow           6.789600       1      6.789600  
AO21X1             slow           8.487000       1      8.487000  
AOI21X1            slow           8.487000      20    169.740009  
INVX1              slow           3.394800      45    152.765998  
NAND2X1            slow           5.092200      66    336.085187  
NOR2X1             slow           5.092200      30    152.765994  
OAI21X1            slow           8.487000      23    195.201011  
OR2X1              slow           6.789600       6     40.737599  
OR2X2              slow           8.487000       4     33.948002  
XNOR2X1            slow          11.881800      13    154.463396  
XOR2X1             slow          11.881800      19    225.754194  
-----------------------------------------------------------------------------
Total 11 references                                  1476.737991

****************************************
Design: sha256_loop_DW01_add_1 
****************************************
Reference          Library       Unit Area   Count    Total Area   Attributes
-----------------------------------------------------------------------------
AND2X1             slow           6.789600       1      6.789600  
AO21X1             slow           8.487000       1      8.487000  
AOI21X1            slow           8.487000      20    169.740009  
INVX1              slow           3.394800      45    152.765998  
NAND2X1            slow           5.092200      66    336.085187  
NOR2X1             slow           5.092200      30    152.765994  
OAI21X1            slow           8.487000      23    195.201011  
OR2X1              slow           6.789600       6     40.737599  
OR2X2              slow           8.487000       4     33.948002  
XNOR2X1            slow          11.881800      13    154.463396  
XOR2X1             slow          11.881800      19    225.754194  
-----------------------------------------------------------------------------
Total 11 references                                  1476.737991

****************************************
Design: sha256_loop_DW01_add_2 
****************************************
Reference          Library       Unit Area   Count    Total Area   Attributes
-----------------------------------------------------------------------------
AND2X1             slow           6.789600       1      6.789600  
AO21X1             slow           8.487000       1      8.487000  
AOI21X1            slow           8.487000      20    169.740009  
INVX1              slow           3.394800      45    152.765998  
NAND2X1            slow           5.092200      66    336.085187  
NOR2X1             slow           5.092200      30    152.765994  
OAI21X1            slow           8.487000      23    195.201011  
OR2X1              slow           6.789600       6     40.737599  
OR2X2              slow           8.487000       4     33.948002  
XNOR2X1            slow          11.881800      13    154.463396  
XOR2X1             slow          11.881800      19    225.754194  
-----------------------------------------------------------------------------
Total 11 references                                  1476.737991

****************************************
Design: sha256_loop_DW01_add_3 
****************************************
Reference          Library       Unit Area   Count    Total Area   Attributes
-----------------------------------------------------------------------------
AND2X1             slow           6.789600       1      6.789600  
AO21X1             slow           8.487000       1      8.487000  
AOI21X1            slow           8.487000      20    169.740009  
INVX1              slow           3.394800      45    152.765998  
NAND2X1            slow           5.092200      66    336.085187  
NOR2X1             slow           5.092200      30    152.765994  
OAI21X1            slow           8.487000      23    195.201011  
OR2X1              slow           6.789600       7     47.527199  
OR2X2              slow           8.487000       3     25.461001  
XNOR2X1            slow          11.881800      13    154.463396  
XOR2X1             slow          11.881800      19    225.754194  
-----------------------------------------------------------------------------
Total 11 references                                  1475.040590

****************************************
Design: sha256_loop_DW01_add_4 
****************************************
Reference          Library       Unit Area   Count    Total Area   Attributes
-----------------------------------------------------------------------------
AND2X1             slow           6.789600       1      6.789600  
AO21X1             slow           8.487000       1      8.487000  
AOI21X1            slow           8.487000      20    169.740009  
INVX1              slow           3.394800      45    152.765998  
NAND2X1            slow           5.092200      66    336.085187  
NOR2X1             slow           5.092200      30    152.765994  
OAI21X1            slow           8.487000      23    195.201011  
OR2X1              slow           6.789600       8     54.316799  
OR2X2              slow           8.487000       2     16.974001  
XNOR2X1            slow          11.881800      13    154.463396  
XOR2X1             slow          11.881800      19    225.754194  
-----------------------------------------------------------------------------
Total 11 references                                  1473.343189

****************************************
Design: sha256_loop_DW01_add_5 
****************************************
Reference          Library       Unit Area   Count    Total Area   Attributes
-----------------------------------------------------------------------------
AND2X1             slow           6.789600       1      6.789600  
AO21X1             slow           8.487000       1      8.487000  
AOI21X1            slow           8.487000      20    169.740009  
INVX1              slow           3.394800      45    152.765998  
NAND2X1            slow           5.092200      66    336.085187  
NOR2X1             slow           5.092200      30    152.765994  
OAI21X1            slow           8.487000      23    195.201011  
OR2X1              slow           6.789600       6     40.737599  
OR2X2              slow           8.487000       4     33.948002  
XNOR2X1            slow          11.881800      13    154.463396  
XOR2X1             slow          11.881800      19    225.754194  
-----------------------------------------------------------------------------
Total 11 references                                  1476.737991

****************************************
Design: sha256_loop_DW01_add_6 
****************************************
Reference          Library       Unit Area   Count    Total Area   Attributes
-----------------------------------------------------------------------------
AND2X1             slow           6.789600       1      6.789600  
AO21X1             slow           8.487000       1      8.487000  
AOI21X1            slow           8.487000      20    169.740009  
INVX1              slow           3.394800      45    152.765998  
NAND2X1            slow           5.092200      66    336.085187  
NOR2X1             slow           5.092200      30    152.765994  
OAI21X1            slow           8.487000      23    195.201011  
OR2X1              slow           6.789600       6     40.737599  
OR2X2              slow           8.487000       4     33.948002  
XNOR2X1            slow          11.881800      13    154.463396  
XOR2X1             slow          11.881800      19    225.754194  
-----------------------------------------------------------------------------
Total 11 references                                  1476.737991

****************************************
Design: sha256_loop_DW01_add_7 
****************************************
Reference          Library       Unit Area   Count    Total Area   Attributes
-----------------------------------------------------------------------------
AND2X1             slow           6.789600       1      6.789600  
AO21X1             slow           8.487000       1      8.487000  
AOI21X1            slow           8.487000      20    169.740009  
INVX1              slow           3.394800      45    152.765998  
NAND2X1            slow           5.092200      66    336.085187  
NOR2X1             slow           5.092200      30    152.765994  
OAI21X1            slow           8.487000      23    195.201011  
OR2X1              slow           6.789600       6     40.737599  
OR2X2              slow           8.487000       4     33.948002  
XNOR2X1            slow          11.881800      13    154.463396  
XOR2X1             slow          11.881800      19    225.754194  
-----------------------------------------------------------------------------
Total 11 references                                  1476.737991

****************************************
Design: sha256_w_reg 
****************************************
Reference          Library       Unit Area   Count    Total Area   Attributes
-----------------------------------------------------------------------------
CLKBUFX3           slow           6.789600       4     27.158400  
DFFQX1             slow          25.461000     510  12985.110226  n
DFFX1              slow          27.158400       2     54.316799  n
MX2X1              slow          13.579200      32    434.534393  
XOR2X1             slow          11.881800     115   1366.406965  
sha256_w_reg_DP_OP_7J3_122_6642_0  3769.925450       1  3769.925450 h
-----------------------------------------------------------------------------
Total 6 references                                  18637.452233

****************************************
Design: sha256_w_reg_DP_OP_7J3_122_6642_0 
****************************************
Reference          Library       Unit Area   Count    Total Area   Attributes
-----------------------------------------------------------------------------
ADDFX1             slow          35.645401      59   2103.078659  r
ADDHX1             slow          20.368799       2     40.737598  r
AO21X1             slow           8.487000       1      8.487000  
AOI21X1            slow           8.487000      21    178.227010  
INVX1              slow           3.394800      49    166.345197  
NAND2X1            slow           5.092200      68    346.269587  
NOR2X1             slow           5.092200      39    198.595792  
OAI21X1            slow           8.487000      28    237.636013  
OR2X1              slow           6.789600       1      6.789600  
OR2X2              slow           8.487000       4     33.948002  
XNOR2X1            slow          11.881800      16    190.108795  
XOR2X1             slow          11.881800      17    201.990595  
XOR3X1             slow          28.855801       2     57.711601  
-----------------------------------------------------------------------------
Total 13 references                                  3769.925450

****************************************
Design: sha256_flow_ctl 
****************************************
Reference          Library       Unit Area   Count    Total Area   Attributes
-----------------------------------------------------------------------------
AND2X1             slow           6.789600       1      6.789600  
AND2X4             slow          10.184400       1     10.184400  
AO22X1             slow          10.184400       2     20.368799  
BUFX2              slow           6.789600      32    217.267197  
CLKBUFX3           slow           6.789600       1      6.789600  
DFFRX1             slow          32.250599       5    161.252995  n
DFFSX1             slow          30.553200       1     30.553200  n
INVX1              slow           3.394800       4     13.579200  
INVX3              slow           5.092200       1      5.092200  
NAND2BX1           slow           6.789600       2     13.579200  
NAND3X1            slow           6.789600       1      6.789600  
NAND4X1            slow           8.487000       1      8.487000  
NOR2BX1            slow           6.789600       1      6.789600  
NOR2BX2            slow          10.184400       1     10.184400  
NOR2X1             slow           5.092200       5     25.460999  
NOR3X1             slow           6.789600       1      6.789600  
OAI2BB1X1          slow           8.487000       1      8.487000  
OAI21X1            slow           8.487000       1      8.487000  
OAI211X1           slow           8.487000       1      8.487000  
SNPS_CLOCK_GATE_HIGH_sha256_flow_ctl_0    32.250601       1    32.250601 h, n
TIELO              slow           3.394800       1      3.394800  
XOR2X1             slow          11.881800       1     11.881800  
-----------------------------------------------------------------------------
Total 22 references                                   622.945790

****************************************
Design: SNPS_CLOCK_GATE_HIGH_sha256_flow_ctl_0 
****************************************
Reference          Library       Unit Area   Count    Total Area   Attributes
-----------------------------------------------------------------------------
AND2X1             slow           6.789600       1      6.789600  
OR2X2              slow           8.487000       1      8.487000  
TLATNX1            slow          16.974001       1     16.974001  n
-----------------------------------------------------------------------------
Total 3 references                                     32.250601

****************************************
Design: sync_fifo_FIFO_WIDTH32_FIFO_DEPTH16_FIFO_ADDR_BIT4 
****************************************
Reference          Library       Unit Area   Count    Total Area   Attributes
-----------------------------------------------------------------------------
AND2X1             slow           6.789600       3     20.368800  
AND3X1             slow           8.487000       1      8.487000  
AO21X1             slow           8.487000       1      8.487000  
AO22X1             slow          10.184400     272   2770.156693  
AOI2BB2X1          slow          10.184400       2     20.368799  
BUFX2              slow           6.789600      77    522.799192  
DFFQX1             slow          25.461000     512  13036.032227  n
DFFRX1             slow          32.250599       1     32.250599  n
DFFRX2             slow          37.342800       2     74.685600  n
DFFRX4             slow          47.527199       7    332.690392  n
INVX1              slow           3.394800      20     67.895999  
NAND2X1            slow           5.092200      37    188.411393  
NAND3X2            slow          11.881800       1     11.881800  
NOR2BX1            slow           6.789600       1      6.789600  
NOR2X1             slow           5.092200      23    117.120595  
NOR3X1             slow           6.789600       2     13.579200  
NOR3X2             slow          10.184400       1     10.184400  
NOR4X1             slow           8.487000      64    543.168030  
OAI2BB1X1          slow           8.487000       2     16.974001  
OR2X1              slow           6.789600       1      6.789600  
OR2X2              slow           8.487000       4     33.948002  
SNPS_CLOCK_GATE_HIGH_sync_fifo_FIFO_WIDTH32_FIFO_DEPTH16_FIFO_ADDR_BIT4_7    30.553201       1    30.553201 h, n
SNPS_CLOCK_GATE_HIGH_sync_fifo_FIFO_WIDTH32_FIFO_DEPTH16_FIFO_ADDR_BIT4_8    30.553201       1    30.553201 h, n
SNPS_CLOCK_GATE_HIGH_sync_fifo_FIFO_WIDTH32_FIFO_DEPTH16_FIFO_ADDR_BIT4_9    30.553201       1    30.553201 h, n
SNPS_CLOCK_GATE_HIGH_sync_fifo_FIFO_WIDTH32_FIFO_DEPTH16_FIFO_ADDR_BIT4_10    30.553201       1    30.553201 h, n
SNPS_CLOCK_GATE_HIGH_sync_fifo_FIFO_WIDTH32_FIFO_DEPTH16_FIFO_ADDR_BIT4_11    30.553201       1    30.553201 h, n
SNPS_CLOCK_GATE_HIGH_sync_fifo_FIFO_WIDTH32_FIFO_DEPTH16_FIFO_ADDR_BIT4_12    30.553201       1    30.553201 h, n
SNPS_CLOCK_GATE_HIGH_sync_fifo_FIFO_WIDTH32_FIFO_DEPTH16_FIFO_ADDR_BIT4_13    30.553201       1    30.553201 h, n
SNPS_CLOCK_GATE_HIGH_sync_fifo_FIFO_WIDTH32_FIFO_DEPTH16_FIFO_ADDR_BIT4_14    30.553201       1    30.553201 h, n
SNPS_CLOCK_GATE_HIGH_sync_fifo_FIFO_WIDTH32_FIFO_DEPTH16_FIFO_ADDR_BIT4_15    30.553201       1    30.553201 h, n
SNPS_CLOCK_GATE_HIGH_sync_fifo_FIFO_WIDTH32_FIFO_DEPTH16_FIFO_ADDR_BIT4_16    30.553201       1    30.553201 h, n
SNPS_CLOCK_GATE_HIGH_sync_fifo_FIFO_WIDTH32_FIFO_DEPTH16_FIFO_ADDR_BIT4_17    30.553201       1    30.553201 h, n
SNPS_CLOCK_GATE_HIGH_sync_fifo_FIFO_WIDTH32_FIFO_DEPTH16_FIFO_ADDR_BIT4_18    30.553201       1    30.553201 h, n
SNPS_CLOCK_GATE_HIGH_sync_fifo_FIFO_WIDTH32_FIFO_DEPTH16_FIFO_ADDR_BIT4_19    30.553201       1    30.553201 h, n
SNPS_CLOCK_GATE_HIGH_sync_fifo_FIFO_WIDTH32_FIFO_DEPTH16_FIFO_ADDR_BIT4_44    30.553201       1    30.553201 h, n
SNPS_CLOCK_GATE_HIGH_sync_fifo_FIFO_WIDTH32_FIFO_DEPTH16_FIFO_ADDR_BIT4_45    30.553201       1    30.553201 h, n
SNPS_CLOCK_GATE_HIGH_sync_fifo_FIFO_WIDTH32_FIFO_DEPTH16_FIFO_ADDR_BIT4_46    30.553201       1    30.553201 h, n
SNPS_CLOCK_GATE_HIGH_sync_fifo_FIFO_WIDTH32_FIFO_DEPTH16_FIFO_ADDR_BIT4_47    30.553201       1    30.553201 h, n
SNPS_CLOCK_GATE_HIGH_sync_fifo_FIFO_WIDTH32_FIFO_DEPTH16_FIFO_ADDR_BIT4_48    30.553201       1    30.553201 h, n
SNPS_CLOCK_GATE_HIGH_sync_fifo_FIFO_WIDTH32_FIFO_DEPTH16_FIFO_ADDR_BIT4_49    30.553201       1    30.553201 h, n
TIELO              slow           3.394800       1      3.394800  
XNOR2X1            slow          11.881800       4     47.527199  
XOR2X1             slow          11.881800       2     23.763599  
-----------------------------------------------------------------------------
Total 43 references                                 18498.265332

****************************************
Design: SNPS_CLOCK_GATE_HIGH_sync_fifo_FIFO_WIDTH32_FIFO_DEPTH16_FIFO_ADDR_BIT4_7 
****************************************
Reference          Library       Unit Area   Count    Total Area   Attributes
-----------------------------------------------------------------------------
AND2X1             slow           6.789600       1      6.789600  
OR2X1              slow           6.789600       1      6.789600  
TLATNX1            slow          16.974001       1     16.974001  n
-----------------------------------------------------------------------------
Total 3 references                                     30.553201

****************************************
Design: SNPS_CLOCK_GATE_HIGH_sync_fifo_FIFO_WIDTH32_FIFO_DEPTH16_FIFO_ADDR_BIT4_8 
****************************************
Reference          Library       Unit Area   Count    Total Area   Attributes
-----------------------------------------------------------------------------
AND2X2             slow           6.789600       1      6.789600  
OR2X1              slow           6.789600       1      6.789600  
TLATNX1            slow          16.974001       1     16.974001  n
-----------------------------------------------------------------------------
Total 3 references                                     30.553201

****************************************
Design: SNPS_CLOCK_GATE_HIGH_sync_fifo_FIFO_WIDTH32_FIFO_DEPTH16_FIFO_ADDR_BIT4_9 
****************************************
Reference          Library       Unit Area   Count    Total Area   Attributes
-----------------------------------------------------------------------------
AND2X2             slow           6.789600       1      6.789600  
OR2X1              slow           6.789600       1      6.789600  
TLATNX1            slow          16.974001       1     16.974001  n
-----------------------------------------------------------------------------
Total 3 references                                     30.553201

****************************************
Design: SNPS_CLOCK_GATE_HIGH_sync_fifo_FIFO_WIDTH32_FIFO_DEPTH16_FIFO_ADDR_BIT4_10 
****************************************
Reference          Library       Unit Area   Count    Total Area   Attributes
-----------------------------------------------------------------------------
AND2X2             slow           6.789600       1      6.789600  
OR2X1              slow           6.789600       1      6.789600  
TLATNX1            slow          16.974001       1     16.974001  n
-----------------------------------------------------------------------------
Total 3 references                                     30.553201

****************************************
Design: SNPS_CLOCK_GATE_HIGH_sync_fifo_FIFO_WIDTH32_FIFO_DEPTH16_FIFO_ADDR_BIT4_11 
****************************************
Reference          Library       Unit Area   Count    Total Area   Attributes
-----------------------------------------------------------------------------
AND2X2             slow           6.789600       1      6.789600  
OR2X1              slow           6.789600       1      6.789600  
TLATNX1            slow          16.974001       1     16.974001  n
-----------------------------------------------------------------------------
Total 3 references                                     30.553201

****************************************
Design: SNPS_CLOCK_GATE_HIGH_sync_fifo_FIFO_WIDTH32_FIFO_DEPTH16_FIFO_ADDR_BIT4_12 
****************************************
Reference          Library       Unit Area   Count    Total Area   Attributes
-----------------------------------------------------------------------------
AND2X2             slow           6.789600       1      6.789600  
OR2X1              slow           6.789600       1      6.789600  
TLATNX1            slow          16.974001       1     16.974001  n
-----------------------------------------------------------------------------
Total 3 references                                     30.553201

****************************************
Design: SNPS_CLOCK_GATE_HIGH_sync_fifo_FIFO_WIDTH32_FIFO_DEPTH16_FIFO_ADDR_BIT4_13 
****************************************
Reference          Library       Unit Area   Count    Total Area   Attributes
-----------------------------------------------------------------------------
AND2X2             slow           6.789600       1      6.789600  
OR2X1              slow           6.789600       1      6.789600  
TLATNX1            slow          16.974001       1     16.974001  n
-----------------------------------------------------------------------------
Total 3 references                                     30.553201

****************************************
Design: SNPS_CLOCK_GATE_HIGH_sync_fifo_FIFO_WIDTH32_FIFO_DEPTH16_FIFO_ADDR_BIT4_14 
****************************************
Reference          Library       Unit Area   Count    Total Area   Attributes
-----------------------------------------------------------------------------
AND2X2             slow           6.789600       1      6.789600  
OR2X1              slow           6.789600       1      6.789600  
TLATNX1            slow          16.974001       1     16.974001  n
-----------------------------------------------------------------------------
Total 3 references                                     30.553201

****************************************
Design: SNPS_CLOCK_GATE_HIGH_sync_fifo_FIFO_WIDTH32_FIFO_DEPTH16_FIFO_ADDR_BIT4_15 
****************************************
Reference          Library       Unit Area   Count    Total Area   Attributes
-----------------------------------------------------------------------------
AND2X2             slow           6.789600       1      6.789600  
OR2X1              slow           6.789600       1      6.789600  
TLATNX1            slow          16.974001       1     16.974001  n
-----------------------------------------------------------------------------
Total 3 references                                     30.553201

****************************************
Design: SNPS_CLOCK_GATE_HIGH_sync_fifo_FIFO_WIDTH32_FIFO_DEPTH16_FIFO_ADDR_BIT4_16 
****************************************
Reference          Library       Unit Area   Count    Total Area   Attributes
-----------------------------------------------------------------------------
AND2X2             slow           6.789600       1      6.789600  
OR2X1              slow           6.789600       1      6.789600  
TLATNX1            slow          16.974001       1     16.974001  n
-----------------------------------------------------------------------------
Total 3 references                                     30.553201

****************************************
Design: SNPS_CLOCK_GATE_HIGH_sync_fifo_FIFO_WIDTH32_FIFO_DEPTH16_FIFO_ADDR_BIT4_17 
****************************************
Reference          Library       Unit Area   Count    Total Area   Attributes
-----------------------------------------------------------------------------
AND2X2             slow           6.789600       1      6.789600  
OR2X1              slow           6.789600       1      6.789600  
TLATNX1            slow          16.974001       1     16.974001  n
-----------------------------------------------------------------------------
Total 3 references                                     30.553201

****************************************
Design: SNPS_CLOCK_GATE_HIGH_sync_fifo_FIFO_WIDTH32_FIFO_DEPTH16_FIFO_ADDR_BIT4_18 
****************************************
Reference          Library       Unit Area   Count    Total Area   Attributes
-----------------------------------------------------------------------------
AND2X2             slow           6.789600       1      6.789600  
OR2X1              slow           6.789600       1      6.789600  
TLATNX1            slow          16.974001       1     16.974001  n
-----------------------------------------------------------------------------
Total 3 references                                     30.553201

****************************************
Design: SNPS_CLOCK_GATE_HIGH_sync_fifo_FIFO_WIDTH32_FIFO_DEPTH16_FIFO_ADDR_BIT4_19 
****************************************
Reference          Library       Unit Area   Count    Total Area   Attributes
-----------------------------------------------------------------------------
AND2X2             slow           6.789600       1      6.789600  
OR2X1              slow           6.789600       1      6.789600  
TLATNX1            slow          16.974001       1     16.974001  n
-----------------------------------------------------------------------------
Total 3 references                                     30.553201

****************************************
Design: SNPS_CLOCK_GATE_HIGH_sync_fifo_FIFO_WIDTH32_FIFO_DEPTH16_FIFO_ADDR_BIT4_44 
****************************************
Reference          Library       Unit Area   Count    Total Area   Attributes
-----------------------------------------------------------------------------
AND2X2             slow           6.789600       1      6.789600  
OR2X1              slow           6.789600       1      6.789600  
TLATNX1            slow          16.974001       1     16.974001  n
-----------------------------------------------------------------------------
Total 3 references                                     30.553201

****************************************
Design: SNPS_CLOCK_GATE_HIGH_sync_fifo_FIFO_WIDTH32_FIFO_DEPTH16_FIFO_ADDR_BIT4_45 
****************************************
Reference          Library       Unit Area   Count    Total Area   Attributes
-----------------------------------------------------------------------------
AND2X2             slow           6.789600       1      6.789600  
OR2X1              slow           6.789600       1      6.789600  
TLATNX1            slow          16.974001       1     16.974001  n
-----------------------------------------------------------------------------
Total 3 references                                     30.553201

****************************************
Design: SNPS_CLOCK_GATE_HIGH_sync_fifo_FIFO_WIDTH32_FIFO_DEPTH16_FIFO_ADDR_BIT4_46 
****************************************
Reference          Library       Unit Area   Count    Total Area   Attributes
-----------------------------------------------------------------------------
AND2X2             slow           6.789600       1      6.789600  
OR2X1              slow           6.789600       1      6.789600  
TLATNX1            slow          16.974001       1     16.974001  n
-----------------------------------------------------------------------------
Total 3 references                                     30.553201

****************************************
Design: SNPS_CLOCK_GATE_HIGH_sync_fifo_FIFO_WIDTH32_FIFO_DEPTH16_FIFO_ADDR_BIT4_47 
****************************************
Reference          Library       Unit Area   Count    Total Area   Attributes
-----------------------------------------------------------------------------
AND2X2             slow           6.789600       1      6.789600  
OR2X1              slow           6.789600       1      6.789600  
TLATNX1            slow          16.974001       1     16.974001  n
-----------------------------------------------------------------------------
Total 3 references                                     30.553201

****************************************
Design: SNPS_CLOCK_GATE_HIGH_sync_fifo_FIFO_WIDTH32_FIFO_DEPTH16_FIFO_ADDR_BIT4_48 
****************************************
Reference          Library       Unit Area   Count    Total Area   Attributes
-----------------------------------------------------------------------------
AND2X2             slow           6.789600       1      6.789600  
OR2X1              slow           6.789600       1      6.789600  
TLATNX1            slow          16.974001       1     16.974001  n
-----------------------------------------------------------------------------
Total 3 references                                     30.553201

****************************************
Design: SNPS_CLOCK_GATE_HIGH_sync_fifo_FIFO_WIDTH32_FIFO_DEPTH16_FIFO_ADDR_BIT4_49 
****************************************
Reference          Library       Unit Area   Count    Total Area   Attributes
-----------------------------------------------------------------------------
AND2X2             slow           6.789600       1      6.789600  
OR2X1              slow           6.789600       1      6.789600  
TLATNX1            slow          16.974001       1     16.974001  n
-----------------------------------------------------------------------------
Total 3 references                                     30.553201
1
