 
****************************************
Report : disable_timing
Design : sha256
Version: O-2018.06-SP1
Date   : Fri Sep 15 10:31:35 2023
****************************************



Flags:       c  case-analysis
             f  false net arc
             C  Conditional arc
             l  loop breaking
             u  user-defined
             m  modes


  Cell or Port        From        To             Sense               Flag
--------------------------------------------------------------------------------

  u_sha256_axir/clk_gate_axi_addr_reg/test_or
                      B           Y              positive_unate      c 
  u_sha256_axir/clk_gate_cmd1_len_reg_0/test_or
                      B           Y              positive_unate      c 
  u_sha256_cfg/clk_gate_cfg_blk_base_reg/test_or
                      B           Y              positive_unate      c 
  u_sha256_cfg/clk_gate_cfg_blk_len_reg/test_or
                      B           Y              positive_unate      c 
  u_sha256_cfg/clk_gate_ml/test_or
                      B           Y              positive_unate      c 
  u_sha256_cfg/clk_gate_ml_0/test_or
                      B           Y              positive_unate      c 
  u_sha256_cfg/clk_gate_prdata_reg/test_or
                      B           Y              positive_unate      c 
  u_sha256_core/clk_gate_rd_ptr_reg/test_or
                      B           Y              positive_unate      c 
  u_sha256_core/u_loop/clk_gate_a_reg/test_or
                      B           Y              positive_unate      c 
  u_sha256_core/u_loop/clk_gate_h6_reg_0/test_or
                      B           Y              positive_unate      c 
  u_sha256_flow_ctl/clk_gate_msg_dcnt_reg_0/test_or
                      B           Y              positive_unate      c 
  u_sync_fifo/clk_gate_mem_reg_0_/test_or
                      B           Y              positive_unate      c 
  u_sync_fifo/clk_gate_mem_reg_1_/test_or
                      B           Y              positive_unate      c 
  u_sync_fifo/clk_gate_mem_reg_2_/test_or
                      B           Y              positive_unate      c 
  u_sync_fifo/clk_gate_mem_reg_3_/test_or
                      B           Y              positive_unate      c 
  u_sync_fifo/clk_gate_mem_reg_4_/test_or
                      B           Y              positive_unate      c 
  u_sync_fifo/clk_gate_mem_reg_5_/test_or
                      B           Y              positive_unate      c 
  u_sync_fifo/clk_gate_mem_reg_6_/test_or
                      B           Y              positive_unate      c 
  u_sync_fifo/clk_gate_mem_reg_7_/test_or
                      B           Y              positive_unate      c 
  u_sync_fifo/clk_gate_mem_reg_8_/test_or
                      B           Y              positive_unate      c 
  u_sync_fifo/clk_gate_mem_reg_9_/test_or
                      B           Y              positive_unate      c 
  u_sync_fifo/clk_gate_mem_reg_10_/test_or
                      B           Y              positive_unate      c 
  u_sync_fifo/clk_gate_mem_reg_11_/test_or
                      B           Y              positive_unate      c 
  u_sync_fifo/clk_gate_mem_reg_12_/test_or
                      B           Y              positive_unate      c 
  u_sync_fifo/clk_gate_mem_reg_13_/test_or
                      B           Y              positive_unate      c 
  u_sync_fifo/clk_gate_mem_reg_14_/test_or
                      B           Y              positive_unate      c 
  u_sync_fifo/clk_gate_mem_reg_15_/test_or
                      B           Y              positive_unate      c 
  u_sync_fifo/clk_gate_ml_0/test_or
                      B           Y              positive_unate      c 
  u_sync_fifo/clk_gate_ml_3/test_or
                      B           Y              positive_unate      c 
  u_sync_fifo/clk_gate_wr_ptr_reg_3/test_or
                      B           Y              positive_unate      c 
  araddr[0]                                                          c
  araddr[1]                                                          c
  arburst[0]                                                         c
  arburst[1]                                                         c
  arcache[0]                                                         c
  arcache[1]                                                         c
  arcache[2]                                                         c
  arcache[3]                                                         c
  arid[0]                                                            c
  arid[1]                                                            c
  arid[2]                                                            c
  arid[3]                                                            c
  arlock[0]                                                          c
  arlock[1]                                                          c
  arprot[0]                                                          c
  arprot[1]                                                          c
  arprot[2]                                                          c
  arsize[0]                                                          c
  arsize[1]                                                          c
  arsize[2]                                                          c
  pready                                                             c
  rready                                                             c

1
