 
****************************************
Report : resources
Design : sha256
Version: O-2018.06-SP1
Date   : Fri Sep 15 10:31:35 2023
****************************************


No resource sharing information to report.

No implementations to report

No resource sharing information to report.
 
****************************************
Design : sha256_core
****************************************

No implementations to report
 
****************************************
Design : sha256_loop
****************************************

Resource Report for this hierarchy in file ../rtl/sha256_loop.v
=============================================================================
| Cell           | Module         | Parameters | Contained Operations       |
=============================================================================
| add_x_1        | DW01_inc       | width=6    | add_122 (sha256_loop.v:122) |
| add_x_5        | DW01_add       | width=32   | add_149 (sha256_loop.v:149) |
| add_x_6        | DW01_add       | width=32   | add_150 (sha256_loop.v:150) |
| add_x_7        | DW01_add       | width=32   | add_151 (sha256_loop.v:151) |
| add_x_8        | DW01_add       | width=32   | add_152 (sha256_loop.v:152) |
| add_x_9        | DW01_add       | width=32   | add_153 (sha256_loop.v:153) |
| add_x_10       | DW01_add       | width=32   | add_154 (sha256_loop.v:154) |
| add_x_11       | DW01_add       | width=32   | add_155 (sha256_loop.v:155) |
| add_x_12       | DW01_add       | width=32   | add_156 (sha256_loop.v:156) |
| DP_OP_71J1_122_6292             |            |                            |
|                | DP_OP_71J1_122_6292 |       |                            |
=============================================================================

Datapath Report for DP_OP_71J1_122_6292
==============================================================================
| Cell                 | Contained Operations                                |
==============================================================================
| DP_OP_71J1_122_6292  | add_95 (sha256_loop.v:95)                           |
|                      | add_95_2 (sha256_loop.v:95)                         |
|                      | add_95_3 (sha256_loop.v:95)                         |
|                      | add_95_4 (sha256_loop.v:95)                         |
|                      | add_112 (sha256_loop.v:112)                         |
|                      | add_179 (sha256_loop.v:179)                         |
|                      | add_183 (sha256_loop.v:183)                         |
==============================================================================

==============================================================================
|       |      | Data     |       |                                          |
| Var   | Type | Class    | Width | Expression                               |
==============================================================================
| I1    | PI   | Unsigned | 32    |                                          |
| I2    | PI   | Unsigned | 32    |                                          |
| I3    | PI   | Unsigned | 32    |                                          |
| I4    | PI   | Unsigned | 32    |                                          |
| I5    | PI   | Unsigned | 32    |                                          |
| I6    | PI   | Unsigned | 32    |                                          |
| I7    | PI   | Unsigned | 32    |                                          |
| I8    | PI   | Unsigned | 32    |                                          |
| T70   | IFO  | Unsigned | 32    | I1 + I2 + I3 + I4 + I5 ( sha256_loop.v:95 sha256_loop.v:112 sha256_loop.v:179 sha256_loop.v:183 ) |
| O1    | PO   | Unsigned | 32    | I6 + I7 + T70 ( sha256_loop.v:95 sha256_loop.v:112 sha256_loop.v:179 ) |
| O2    | PO   | Unsigned | 32    | I8 + T70 ( sha256_loop.v:95 sha256_loop.v:183 ) |
==============================================================================


Implementation Report
===============================================================================
|                    |                  | Current            | Set            |
| Cell               | Module           | Implementation     | Implementation |
===============================================================================
| add_x_12           | DW01_add         | pparch (area,speed)                 |
| add_x_7            | DW01_add         | pparch (area,speed)                 |
| add_x_11           | DW01_add         | pparch (area,speed)                 |
| add_x_9            | DW01_add         | pparch (area,speed)                 |
| add_x_5            | DW01_add         | pparch (area,speed)                 |
| add_x_8            | DW01_add         | pparch (area,speed)                 |
| add_x_10           | DW01_add         | pparch (area,speed)                 |
| add_x_6            | DW01_add         | pparch (area,speed)                 |
| add_x_1            | DW01_inc         | apparch (area)     |                |
| DP_OP_71J1_122_6292                   |                    |                |
|                    | DP_OP_71J1_122_6292 | str (area,speed)                 |
===============================================================================

 
****************************************
Design : sha256_w_reg
****************************************

Resource Report for this hierarchy in file ../rtl/sha256_w_reg.v
=============================================================================
| Cell           | Module         | Parameters | Contained Operations       |
=============================================================================
| DP_OP_7J3_122_6642              |            |                            |
|                | DP_OP_7J3_122_6642 |        |                            |
=============================================================================

Datapath Report for DP_OP_7J3_122_6642
==============================================================================
| Cell                 | Contained Operations                                |
==============================================================================
| DP_OP_7J3_122_6642   | add_62 (sha256_w_reg.v:62)                          |
|                      | add_62_2 (sha256_w_reg.v:62)                        |
|                      | add_62_3 (sha256_w_reg.v:62)                        |
==============================================================================

==============================================================================
|       |      | Data     |       |                                          |
| Var   | Type | Class    | Width | Expression                               |
==============================================================================
| I1    | PI   | Unsigned | 32    |                                          |
| I2    | PI   | Unsigned | 32    |                                          |
| I3    | PI   | Unsigned | 32    |                                          |
| I4    | PI   | Unsigned | 32    |                                          |
| O1    | PO   | Unsigned | 32    | I1 + I2 + I3 + I4 (sha256_w_reg.v:62)    |
==============================================================================


Implementation Report
===============================================================================
|                    |                  | Current            | Set            |
| Cell               | Module           | Implementation     | Implementation |
===============================================================================
| DP_OP_7J3_122_6642 | DP_OP_7J3_122_6642 | str (area,speed) |                |
===============================================================================


No resource sharing information to report.
 
****************************************
Design : sha256_k_lut
****************************************

No implementations to report
 
****************************************
Design : sha256_flow_ctl
****************************************

Resource Report for this hierarchy in file ../rtl/sha256_flow_ctl.v
=============================================================================
| Cell           | Module         | Parameters | Contained Operations       |
=============================================================================
| add_x_2        | DW01_inc       | width=4    | add_103 (sha256_flow_ctl.v:103) |
=============================================================================


Implementation Report
===============================================================================
|                    |                  | Current            | Set            |
| Cell               | Module           | Implementation     | Implementation |
===============================================================================
| add_x_2            | DW01_inc         | apparch (area)     |                |
===============================================================================

 
****************************************
Design : sync_fifo_FIFO_WIDTH32_FIFO_DEPTH16_FIFO_ADDR_BIT4
****************************************

Resource Report for this hierarchy in file ../rtl/sync_fifo.v
=============================================================================
| Cell           | Module         | Parameters | Contained Operations       |
=============================================================================
| add_x_1        | DW01_inc       | width=5    | add_34 (sync_fifo.v:34)    |
| add_x_2        | DW01_inc       | width=5    | add_41 (sync_fifo.v:41)    |
| eq_x_3         | DW_cmp         | width=5    | eq_59 (sync_fifo.v:59)     |
=============================================================================


Implementation Report
===============================================================================
|                    |                  | Current            | Set            |
| Cell               | Module           | Implementation     | Implementation |
===============================================================================
| add_x_1            | DW01_inc         | apparch (area)     |                |
| add_x_2            | DW01_inc         | apparch (area)     |                |
| eq_x_3             | DW_cmp           | apparch (area)     |                |
===============================================================================

 
****************************************
Design : sha256_axir
****************************************

Resource Report for this hierarchy in file ../rtl/sha256_axir.v
=============================================================================
| Cell           | Module         | Parameters | Contained Operations       |
=============================================================================
| DP_OP_46J2_122_3084             |            |                            |
|                | DP_OP_46J2_122_3084 |       |                            |
| DP_OP_47J2_123_7638             |            |                            |
|                | DP_OP_47J2_123_7638 |       |                            |
| sub_x_12       | DW01_sub       | width=2    | add_211 (sha256_axir.v:211) |
                |                |            | sub_211 (sha256_axir.v:211) |
| add_x_13       | DW01_add       | width=2    | add_211 (sha256_axir.v:211) |
                |                |            | sub_211 (sha256_axir.v:211) |
=============================================================================

Datapath Report for DP_OP_46J2_122_3084
==============================================================================
| Cell                 | Contained Operations                                |
==============================================================================
| DP_OP_46J2_122_3084  | add_118 (sha256_axir.v:118)                         |
|                      | sub_122 (sha256_axir.v:122)                         |
|                      | sub_122_2 (sha256_axir.v:122)                       |
|                      | sub_122_3 (sha256_axir.v:122)                       |
==============================================================================

==============================================================================
|       |      | Data     |       |                                          |
| Var   | Type | Class    | Width | Expression                               |
==============================================================================
| I1    | PI   | Unsigned | 12    |                                          |
| T22   | IFO  | Signed   | 4     | O1[5:2]                                  |
| O1    | PO   | Unsigned | 13    | I1 + $unsigned(6'b111111) (sha256_axir.v:118) |
| O2    | PO   | Signed   | 4     | -T22 + $unsigned(4'b1110) (sha256_axir.v:122) |
==============================================================================

Datapath Report for DP_OP_47J2_123_7638
==============================================================================
| Cell                 | Contained Operations                                |
==============================================================================
| DP_OP_47J2_123_7638  | sub_128 (sha256_axir.v:128)                         |
|                      | sub_128_2 (sha256_axir.v:128)                       |
|                      | add_177 (sha256_axir.v:177)                         |
|                      | add_177_2 (sha256_axir.v:177)                       |
==============================================================================

==============================================================================
|       |      | Data     |       |                                          |
| Var   | Type | Class    | Width | Expression                               |
==============================================================================
| I1    | PI   | Unsigned | 6     |                                          |
| I2    | PI   | Unsigned | 32    |                                          |
| I3    | PI   | Unsigned | 32    |                                          |
| T45   | IFO  | Unsigned | 7     | I1 + $unsigned(3'b100) ( sha256_axir.v:128 sha256_axir.v:177 ) |
| O1    | PO   | Signed   | 33    | I2 - T45 (sha256_axir.v:128)             |
| O2    | PO   | Unsigned | 32    | I3 + T45 (sha256_axir.v:177)             |
==============================================================================


Implementation Report
===============================================================================
|                    |                  | Current            | Set            |
| Cell               | Module           | Implementation     | Implementation |
===============================================================================
| sub_x_12           | DW01_sub         | apparch (area)     |                |
| add_x_13           | DW01_add         | apparch (area)     |                |
| DP_OP_47J2_123_7638                   |                    |                |
|                    | DP_OP_47J2_123_7638 | str (area,speed)                 |
| DP_OP_46J2_122_3084                   |                    |                |
|                    | DP_OP_46J2_122_3084 | str (area)      |                |
===============================================================================


No resource sharing information to report.
 
****************************************
Design : sha256_cfg
****************************************

No implementations to report
1
