 
****************************************
check_design summary:
Version:     O-2018.06-SP1
Date:        Fri Sep 15 10:31:34 2023
****************************************

                   Name                                            Total
--------------------------------------------------------------------------------
Inputs/Outputs                                                     99
    Unconnected ports (LINT-28)                                    99

Cells                                                               6
    Nets connected to multiple pins on same cell (LINT-33)          6
--------------------------------------------------------------------------------

Warning: In design 'sha256', port 'paddr[7]' is not connected to any nets. (LINT-28)
Warning: In design 'sha256', port 'paddr[6]' is not connected to any nets. (LINT-28)
Warning: In design 'sha256', port 'paddr[1]' is not connected to any nets. (LINT-28)
Warning: In design 'sha256', port 'paddr[0]' is not connected to any nets. (LINT-28)
Warning: In design 'sha256', port 'rid[3]' is not connected to any nets. (LINT-28)
Warning: In design 'sha256', port 'rid[2]' is not connected to any nets. (LINT-28)
Warning: In design 'sha256', port 'rid[1]' is not connected to any nets. (LINT-28)
Warning: In design 'sha256', port 'rid[0]' is not connected to any nets. (LINT-28)
Warning: In design 'sha256', port 'rresp[1]' is not connected to any nets. (LINT-28)
Warning: In design 'sha256', port 'rresp[0]' is not connected to any nets. (LINT-28)
Warning: In design 'sha256', port 'rlast' is not connected to any nets. (LINT-28)
Warning: In design 'sha256_core', port 'msg_dcnt[3]' is not connected to any nets. (LINT-28)
Warning: In design 'sha256_core', port 'msg_dcnt[2]' is not connected to any nets. (LINT-28)
Warning: In design 'sha256_core', port 'msg_dcnt[1]' is not connected to any nets. (LINT-28)
Warning: In design 'sha256_core', port 'msg_dcnt[0]' is not connected to any nets. (LINT-28)
Warning: In design 'sha256_cfg', port 'paddr[7]' is not connected to any nets. (LINT-28)
Warning: In design 'sha256_cfg', port 'paddr[6]' is not connected to any nets. (LINT-28)
Warning: In design 'sha256_cfg', port 'paddr[1]' is not connected to any nets. (LINT-28)
Warning: In design 'sha256_cfg', port 'paddr[0]' is not connected to any nets. (LINT-28)
Warning: In design 'sha256_cfg', port 'pready' is not connected to any nets. (LINT-28)
Warning: In design 'sha256_cfg', port 'cfg_blk_base[1]' is not connected to any nets. (LINT-28)
Warning: In design 'sha256_cfg', port 'cfg_blk_base[0]' is not connected to any nets. (LINT-28)
Warning: In design 'sha256_axir', port 'cfg_blk_base[1]' is not connected to any nets. (LINT-28)
Warning: In design 'sha256_axir', port 'cfg_blk_base[0]' is not connected to any nets. (LINT-28)
Warning: In design 'sha256_axir', port 'ibuf_waddr[3]' is not connected to any nets. (LINT-28)
Warning: In design 'sha256_axir', port 'ibuf_waddr[2]' is not connected to any nets. (LINT-28)
Warning: In design 'sha256_axir', port 'ibuf_waddr[1]' is not connected to any nets. (LINT-28)
Warning: In design 'sha256_axir', port 'ibuf_waddr[0]' is not connected to any nets. (LINT-28)
Warning: In design 'sha256_axir', port 'arid[3]' is not connected to any nets. (LINT-28)
Warning: In design 'sha256_axir', port 'arid[2]' is not connected to any nets. (LINT-28)
Warning: In design 'sha256_axir', port 'arid[1]' is not connected to any nets. (LINT-28)
Warning: In design 'sha256_axir', port 'arid[0]' is not connected to any nets. (LINT-28)
Warning: In design 'sha256_axir', port 'araddr[1]' is not connected to any nets. (LINT-28)
Warning: In design 'sha256_axir', port 'araddr[0]' is not connected to any nets. (LINT-28)
Warning: In design 'sha256_axir', port 'arsize[2]' is not connected to any nets. (LINT-28)
Warning: In design 'sha256_axir', port 'arsize[1]' is not connected to any nets. (LINT-28)
Warning: In design 'sha256_axir', port 'arsize[0]' is not connected to any nets. (LINT-28)
Warning: In design 'sha256_axir', port 'arburst[1]' is not connected to any nets. (LINT-28)
Warning: In design 'sha256_axir', port 'arburst[0]' is not connected to any nets. (LINT-28)
Warning: In design 'sha256_axir', port 'arlock[1]' is not connected to any nets. (LINT-28)
Warning: In design 'sha256_axir', port 'arlock[0]' is not connected to any nets. (LINT-28)
Warning: In design 'sha256_axir', port 'arcache[3]' is not connected to any nets. (LINT-28)
Warning: In design 'sha256_axir', port 'arcache[2]' is not connected to any nets. (LINT-28)
Warning: In design 'sha256_axir', port 'arcache[1]' is not connected to any nets. (LINT-28)
Warning: In design 'sha256_axir', port 'arcache[0]' is not connected to any nets. (LINT-28)
Warning: In design 'sha256_axir', port 'arprot[2]' is not connected to any nets. (LINT-28)
Warning: In design 'sha256_axir', port 'arprot[1]' is not connected to any nets. (LINT-28)
Warning: In design 'sha256_axir', port 'arprot[0]' is not connected to any nets. (LINT-28)
Warning: In design 'sha256_axir', port 'rid[3]' is not connected to any nets. (LINT-28)
Warning: In design 'sha256_axir', port 'rid[2]' is not connected to any nets. (LINT-28)
Warning: In design 'sha256_axir', port 'rid[1]' is not connected to any nets. (LINT-28)
Warning: In design 'sha256_axir', port 'rid[0]' is not connected to any nets. (LINT-28)
Warning: In design 'sha256_axir', port 'rresp[1]' is not connected to any nets. (LINT-28)
Warning: In design 'sha256_axir', port 'rresp[0]' is not connected to any nets. (LINT-28)
Warning: In design 'sha256_axir', port 'rlast' is not connected to any nets. (LINT-28)
Warning: In design 'sha256_axir', port 'rready' is not connected to any nets. (LINT-28)
Warning: In design 'sync_fifo_FIFO_WIDTH32_FIFO_DEPTH16_FIFO_ADDR_BIT4', port 'fifo_ful' is not connected to any nets. (LINT-28)
Warning: In design 'sha256_flow_ctl', port 'axi_bulk_end' is not connected to any nets. (LINT-28)
Warning: In design 'sha256_flow_ctl', port 'msg_dcnt[3]' is not connected to any nets. (LINT-28)
Warning: In design 'sha256_flow_ctl', port 'msg_dcnt[2]' is not connected to any nets. (LINT-28)
Warning: In design 'sha256_flow_ctl', port 'msg_dcnt[1]' is not connected to any nets. (LINT-28)
Warning: In design 'sha256_flow_ctl', port 'msg_dcnt[0]' is not connected to any nets. (LINT-28)
Warning: In design 'sha256_axir_DP_OP_47J2_123_7638_0', port 'I1[1]' is not connected to any nets. (LINT-28)
Warning: In design 'sha256_axir_DP_OP_47J2_123_7638_0', port 'I1[0]' is not connected to any nets. (LINT-28)
Warning: In design 'sha256_axir_DP_OP_47J2_123_7638_0', port 'I3[1]' is not connected to any nets. (LINT-28)
Warning: In design 'sha256_axir_DP_OP_47J2_123_7638_0', port 'I3[0]' is not connected to any nets. (LINT-28)
Warning: In design 'sha256_axir_DP_OP_47J2_123_7638_0', port 'O2[1]' is not connected to any nets. (LINT-28)
Warning: In design 'sha256_axir_DP_OP_47J2_123_7638_0', port 'O2[0]' is not connected to any nets. (LINT-28)
Warning: In design 'sha256_k_lut', port 'cal_en' is not connected to any nets. (LINT-28)
Warning: In design 'sha256_k_lut', port 'rstn' is not connected to any nets. (LINT-28)
Warning: In design 'sha256_w_reg', port 'msg_dcnt[3]' is not connected to any nets. (LINT-28)
Warning: In design 'sha256_w_reg', port 'msg_dcnt[2]' is not connected to any nets. (LINT-28)
Warning: In design 'sha256_w_reg', port 'msg_dcnt[1]' is not connected to any nets. (LINT-28)
Warning: In design 'sha256_w_reg', port 'msg_dcnt[0]' is not connected to any nets. (LINT-28)
Warning: In design 'sha256_w_reg', port 'cal_en' is not connected to any nets. (LINT-28)
Warning: In design 'sha256_w_reg', port 'loop_cnt[5]' is not connected to any nets. (LINT-28)
Warning: In design 'sha256_w_reg', port 'loop_cnt[4]' is not connected to any nets. (LINT-28)
Warning: In design 'sha256_w_reg', port 'loop_cnt[3]' is not connected to any nets. (LINT-28)
Warning: In design 'sha256_w_reg', port 'loop_cnt[2]' is not connected to any nets. (LINT-28)
Warning: In design 'sha256_w_reg', port 'loop_cnt[1]' is not connected to any nets. (LINT-28)
Warning: In design 'sha256_w_reg', port 'loop_cnt[0]' is not connected to any nets. (LINT-28)
Warning: In design 'sha256_w_reg', port 'rstn' is not connected to any nets. (LINT-28)
Warning: In design 'sha256_loop', port 'cal_en' is not connected to any nets. (LINT-28)
Warning: In design 'sha256_loop_DW01_add_0', port 'CI' is not connected to any nets. (LINT-28)
Warning: In design 'sha256_loop_DW01_add_0', port 'CO' is not connected to any nets. (LINT-28)
Warning: In design 'sha256_loop_DW01_add_1', port 'CI' is not connected to any nets. (LINT-28)
Warning: In design 'sha256_loop_DW01_add_1', port 'CO' is not connected to any nets. (LINT-28)
Warning: In design 'sha256_loop_DW01_add_2', port 'CI' is not connected to any nets. (LINT-28)
Warning: In design 'sha256_loop_DW01_add_2', port 'CO' is not connected to any nets. (LINT-28)
Warning: In design 'sha256_loop_DW01_add_3', port 'CI' is not connected to any nets. (LINT-28)
Warning: In design 'sha256_loop_DW01_add_3', port 'CO' is not connected to any nets. (LINT-28)
Warning: In design 'sha256_loop_DW01_add_4', port 'CI' is not connected to any nets. (LINT-28)
Warning: In design 'sha256_loop_DW01_add_4', port 'CO' is not connected to any nets. (LINT-28)
Warning: In design 'sha256_loop_DW01_add_5', port 'CI' is not connected to any nets. (LINT-28)
Warning: In design 'sha256_loop_DW01_add_5', port 'CO' is not connected to any nets. (LINT-28)
Warning: In design 'sha256_loop_DW01_add_6', port 'CI' is not connected to any nets. (LINT-28)
Warning: In design 'sha256_loop_DW01_add_6', port 'CO' is not connected to any nets. (LINT-28)
Warning: In design 'sha256_loop_DW01_add_7', port 'CI' is not connected to any nets. (LINT-28)
Warning: In design 'sha256_loop_DW01_add_7', port 'CO' is not connected to any nets. (LINT-28)
Warning: In design 'sha256', the same net is connected to more than one pin on submodule 'u_sha256_cfg'. (LINT-33)
   Net 'n18' is connected to pins 'paddr[7]', 'paddr[6]'', 'paddr[1]', 'paddr[0]'.
Warning: In design 'sha256', the same net is connected to more than one pin on submodule 'u_sha256_axir'. (LINT-33)
   Net 'n18' is connected to pins 'cfg_blk_base[1]', 'cfg_blk_base[0]'', 'rid[3]', 'rid[2]', 'rid[1]', 'rid[0]', 'rresp[1]', 'rresp[0]', 'rlast'.
Warning: In design 'sha256', the same net is connected to more than one pin on submodule 'u_sha256_core'. (LINT-33)
   Net 'n18' is connected to pins 'msg_dcnt[3]', 'msg_dcnt[2]'', 'msg_dcnt[1]', 'msg_dcnt[0]'.
Warning: In design 'sha256_core', the same net is connected to more than one pin on submodule 'u_w_reg'. (LINT-33)
   Net 'net4772' is connected to pins 'msg_dcnt[3]', 'msg_dcnt[2]'', 'msg_dcnt[1]', 'msg_dcnt[0]', 'cal_en', 'loop_cnt[5]', 'loop_cnt[4]', 'loop_cnt[3]', 'loop_cnt[2]', 'loop_cnt[1]', 'loop_cnt[0]'.
Warning: In design 'sha256_core', the same net is connected to more than one pin on submodule 'u_loop'. (LINT-33)
   Net 'n11' is connected to pins 'OUT0', 'IN1''.
Warning: In design 'sha256_axir', the same net is connected to more than one pin on submodule 'DP_OP_47J2_123_7638'. (LINT-33)
   Net '_Logic0_' is connected to pins 'I1[1]', 'I1[0]'', 'I3[1]', 'I3[0]'.
1
