Information: Checking out the license 'DesignWare'. (SEC-104)
Information: Updating design information... (UID-85)
Warning: Design 'sha256' contains 4 high-fanout nets. A fanout number of 1000 will be used for delay calculations involving these nets. (TIM-134)

Information: Checking generated_clocks...

Information: Checking loops...

Information: Checking no_input_delay...
Warning: The following input ports have no clock_relative delay specified, the command set_input_delay without -clock option will be ignored. (TIM-216)
--------------------
psel
penable
paddr[5]
paddr[4]
paddr[3]
paddr[2]
pwrite
pwdata[31]
pwdata[30]
pwdata[29]
pwdata[28]
pwdata[27]
pwdata[26]
pwdata[25]
pwdata[24]
pwdata[23]
pwdata[22]
pwdata[21]
pwdata[20]
pwdata[19]
pwdata[18]
pwdata[17]
pwdata[16]
pwdata[15]
pwdata[14]
pwdata[13]
pwdata[12]
pwdata[11]
pwdata[10]
pwdata[9]
pwdata[8]
pwdata[7]
pwdata[6]
pwdata[5]
pwdata[4]
pwdata[3]
pwdata[2]
pwdata[1]
pwdata[0]
arready
rdata[31]
rdata[30]
rdata[29]
rdata[28]
rdata[27]
rdata[26]
rdata[25]
rdata[24]
rdata[23]
rdata[22]
rdata[21]
rdata[20]
rdata[19]
rdata[18]
rdata[17]
rdata[16]
rdata[15]
rdata[14]
rdata[13]
rdata[12]
rdata[11]
rdata[10]
rdata[9]
rdata[8]
rdata[7]
rdata[6]
rdata[5]
rdata[4]
rdata[3]
rdata[2]
rdata[1]
rdata[0]
rvalid

Information: Checking unconstrained_endpoints...

Warning: The following end-points are not constrained for maximum delay.

End point
---------------
araddr[0]
araddr[1]
araddr[2]
araddr[3]
araddr[4]
araddr[5]
araddr[6]
araddr[7]
araddr[8]
araddr[9]
araddr[10]
araddr[11]
araddr[12]
araddr[13]
araddr[14]
araddr[15]
araddr[16]
araddr[17]
araddr[18]
araddr[19]
araddr[20]
araddr[21]
araddr[22]
araddr[23]
araddr[24]
araddr[25]
araddr[26]
araddr[27]
araddr[28]
araddr[29]
araddr[30]
araddr[31]
arlen[0]
arlen[1]
arlen[2]
arlen[3]
arvalid
intr
prdata[0]
prdata[1]
prdata[2]
prdata[3]
prdata[4]
prdata[5]
prdata[6]
prdata[7]
prdata[8]
prdata[9]
prdata[10]
prdata[11]
prdata[12]
prdata[13]
prdata[14]
prdata[15]
prdata[16]
prdata[17]
prdata[18]
prdata[19]
prdata[20]
prdata[21]
prdata[22]
prdata[23]
prdata[24]
prdata[25]
prdata[26]
prdata[27]
prdata[28]
prdata[29]
prdata[30]
prdata[31]
u_sha256_cfg/cfg_blk_base_reg[0]/next_state
u_sha256_cfg/cfg_blk_base_reg[1]/next_state
u_sha256_cfg/cfg_blk_base_reg[2]/next_state
u_sha256_cfg/cfg_blk_base_reg[3]/next_state
u_sha256_cfg/cfg_blk_base_reg[4]/next_state
u_sha256_cfg/cfg_blk_base_reg[5]/next_state
u_sha256_cfg/cfg_blk_base_reg[6]/next_state
u_sha256_cfg/cfg_blk_base_reg[7]/next_state
u_sha256_cfg/cfg_blk_base_reg[8]/next_state
u_sha256_cfg/cfg_blk_base_reg[9]/next_state
u_sha256_cfg/cfg_blk_base_reg[10]/next_state
u_sha256_cfg/cfg_blk_base_reg[11]/next_state
u_sha256_cfg/cfg_blk_base_reg[12]/next_state
u_sha256_cfg/cfg_blk_base_reg[13]/next_state
u_sha256_cfg/cfg_blk_base_reg[14]/next_state
u_sha256_cfg/cfg_blk_base_reg[15]/next_state
u_sha256_cfg/cfg_blk_base_reg[16]/next_state
u_sha256_cfg/cfg_blk_base_reg[17]/next_state
u_sha256_cfg/cfg_blk_base_reg[18]/next_state
u_sha256_cfg/cfg_blk_base_reg[19]/next_state
u_sha256_cfg/cfg_blk_base_reg[20]/next_state
u_sha256_cfg/cfg_blk_base_reg[21]/next_state
u_sha256_cfg/cfg_blk_base_reg[22]/next_state
u_sha256_cfg/cfg_blk_base_reg[23]/next_state
u_sha256_cfg/cfg_blk_base_reg[24]/next_state
u_sha256_cfg/cfg_blk_base_reg[25]/next_state
u_sha256_cfg/cfg_blk_base_reg[26]/next_state
u_sha256_cfg/cfg_blk_base_reg[27]/next_state
u_sha256_cfg/cfg_blk_base_reg[28]/next_state
u_sha256_cfg/cfg_blk_base_reg[29]/next_state
u_sha256_cfg/cfg_blk_base_reg[30]/next_state
u_sha256_cfg/cfg_blk_base_reg[31]/next_state
u_sha256_cfg/cfg_blk_len_reg[0]/next_state
u_sha256_cfg/cfg_blk_len_reg[1]/next_state
u_sha256_cfg/cfg_blk_len_reg[2]/next_state
u_sha256_cfg/cfg_blk_len_reg[3]/next_state
u_sha256_cfg/cfg_blk_len_reg[4]/next_state
u_sha256_cfg/cfg_blk_len_reg[5]/next_state
u_sha256_cfg/cfg_blk_len_reg[6]/next_state
u_sha256_cfg/cfg_blk_len_reg[7]/next_state
u_sha256_cfg/cfg_blk_len_reg[8]/next_state
u_sha256_cfg/cfg_blk_len_reg[9]/next_state
u_sha256_cfg/cfg_blk_len_reg[10]/next_state
u_sha256_cfg/cfg_blk_len_reg[11]/next_state
u_sha256_cfg/cfg_blk_len_reg[12]/next_state
u_sha256_cfg/cfg_blk_len_reg[13]/next_state
u_sha256_cfg/cfg_blk_len_reg[14]/next_state
u_sha256_cfg/cfg_blk_len_reg[15]/next_state
u_sha256_cfg/cfg_blk_len_reg[16]/next_state
u_sha256_cfg/cfg_blk_len_reg[17]/next_state
u_sha256_cfg/cfg_blk_len_reg[18]/next_state
u_sha256_cfg/cfg_blk_len_reg[19]/next_state
u_sha256_cfg/cfg_blk_len_reg[20]/next_state
u_sha256_cfg/cfg_blk_len_reg[21]/next_state
u_sha256_cfg/cfg_blk_len_reg[22]/next_state
u_sha256_cfg/cfg_blk_len_reg[23]/next_state
u_sha256_cfg/cfg_blk_len_reg[24]/next_state
u_sha256_cfg/cfg_blk_len_reg[25]/next_state
u_sha256_cfg/cfg_blk_len_reg[26]/next_state
u_sha256_cfg/cfg_blk_len_reg[27]/next_state
u_sha256_cfg/cfg_blk_len_reg[28]/next_state
u_sha256_cfg/cfg_blk_len_reg[29]/next_state
u_sha256_cfg/cfg_blk_len_reg[30]/next_state
u_sha256_cfg/cfg_blk_len_reg[31]/next_state
u_sha256_cfg/cfg_blk_sof_reg/next_state
u_sha256_cfg/clk_gate_cfg_blk_base_reg/latch/data_in
u_sha256_cfg/clk_gate_cfg_blk_len_reg/latch/data_in
u_sha256_cfg/clk_gate_ml/latch/data_in
u_sha256_cfg/clk_gate_ml_0/latch/data_in
u_sha256_cfg/clk_gate_prdata_reg/latch/data_in
u_sync_fifo/clk_gate_wr_ptr_reg/latch/data_in
u_sync_fifo/mem_reg[0][0]/next_state
u_sync_fifo/mem_reg[0][1]/next_state
u_sync_fifo/mem_reg[0][2]/next_state
u_sync_fifo/mem_reg[0][3]/next_state
u_sync_fifo/mem_reg[0][4]/next_state
u_sync_fifo/mem_reg[0][5]/next_state
u_sync_fifo/mem_reg[0][6]/next_state
u_sync_fifo/mem_reg[0][7]/next_state
u_sync_fifo/mem_reg[0][8]/next_state
u_sync_fifo/mem_reg[0][9]/next_state
u_sync_fifo/mem_reg[0][10]/next_state
u_sync_fifo/mem_reg[0][11]/next_state
u_sync_fifo/mem_reg[0][12]/next_state
u_sync_fifo/mem_reg[0][13]/next_state
u_sync_fifo/mem_reg[0][14]/next_state
u_sync_fifo/mem_reg[0][15]/next_state
u_sync_fifo/mem_reg[0][16]/next_state
u_sync_fifo/mem_reg[0][17]/next_state
u_sync_fifo/mem_reg[0][18]/next_state
u_sync_fifo/mem_reg[0][19]/next_state
u_sync_fifo/mem_reg[0][20]/next_state
u_sync_fifo/mem_reg[0][21]/next_state
u_sync_fifo/mem_reg[0][22]/next_state
u_sync_fifo/mem_reg[0][23]/next_state
u_sync_fifo/mem_reg[0][24]/next_state
u_sync_fifo/mem_reg[0][25]/next_state
u_sync_fifo/mem_reg[0][26]/next_state
u_sync_fifo/mem_reg[0][27]/next_state
u_sync_fifo/mem_reg[0][28]/next_state
u_sync_fifo/mem_reg[0][29]/next_state
u_sync_fifo/mem_reg[0][30]/next_state
u_sync_fifo/mem_reg[0][31]/next_state
u_sync_fifo/mem_reg[1][0]/next_state
u_sync_fifo/mem_reg[1][1]/next_state
u_sync_fifo/mem_reg[1][2]/next_state
u_sync_fifo/mem_reg[1][3]/next_state
u_sync_fifo/mem_reg[1][4]/next_state
u_sync_fifo/mem_reg[1][5]/next_state
u_sync_fifo/mem_reg[1][6]/next_state
u_sync_fifo/mem_reg[1][7]/next_state
u_sync_fifo/mem_reg[1][8]/next_state
u_sync_fifo/mem_reg[1][9]/next_state
u_sync_fifo/mem_reg[1][10]/next_state
u_sync_fifo/mem_reg[1][11]/next_state
u_sync_fifo/mem_reg[1][12]/next_state
u_sync_fifo/mem_reg[1][13]/next_state
u_sync_fifo/mem_reg[1][14]/next_state
u_sync_fifo/mem_reg[1][15]/next_state
u_sync_fifo/mem_reg[1][16]/next_state
u_sync_fifo/mem_reg[1][17]/next_state
u_sync_fifo/mem_reg[1][18]/next_state
u_sync_fifo/mem_reg[1][19]/next_state
u_sync_fifo/mem_reg[1][20]/next_state
u_sync_fifo/mem_reg[1][21]/next_state
u_sync_fifo/mem_reg[1][22]/next_state
u_sync_fifo/mem_reg[1][23]/next_state
u_sync_fifo/mem_reg[1][24]/next_state
u_sync_fifo/mem_reg[1][25]/next_state
u_sync_fifo/mem_reg[1][26]/next_state
u_sync_fifo/mem_reg[1][27]/next_state
u_sync_fifo/mem_reg[1][28]/next_state
u_sync_fifo/mem_reg[1][29]/next_state
u_sync_fifo/mem_reg[1][30]/next_state
u_sync_fifo/mem_reg[1][31]/next_state
u_sync_fifo/mem_reg[2][0]/next_state
u_sync_fifo/mem_reg[2][1]/next_state
u_sync_fifo/mem_reg[2][2]/next_state
u_sync_fifo/mem_reg[2][3]/next_state
u_sync_fifo/mem_reg[2][4]/next_state
u_sync_fifo/mem_reg[2][5]/next_state
u_sync_fifo/mem_reg[2][6]/next_state
u_sync_fifo/mem_reg[2][7]/next_state
u_sync_fifo/mem_reg[2][8]/next_state
u_sync_fifo/mem_reg[2][9]/next_state
u_sync_fifo/mem_reg[2][10]/next_state
u_sync_fifo/mem_reg[2][11]/next_state
u_sync_fifo/mem_reg[2][12]/next_state
u_sync_fifo/mem_reg[2][13]/next_state
u_sync_fifo/mem_reg[2][14]/next_state
u_sync_fifo/mem_reg[2][15]/next_state
u_sync_fifo/mem_reg[2][16]/next_state
u_sync_fifo/mem_reg[2][17]/next_state
u_sync_fifo/mem_reg[2][18]/next_state
u_sync_fifo/mem_reg[2][19]/next_state
u_sync_fifo/mem_reg[2][20]/next_state
u_sync_fifo/mem_reg[2][21]/next_state
u_sync_fifo/mem_reg[2][22]/next_state
u_sync_fifo/mem_reg[2][23]/next_state
u_sync_fifo/mem_reg[2][24]/next_state
u_sync_fifo/mem_reg[2][25]/next_state
u_sync_fifo/mem_reg[2][26]/next_state
u_sync_fifo/mem_reg[2][27]/next_state
u_sync_fifo/mem_reg[2][28]/next_state
u_sync_fifo/mem_reg[2][29]/next_state
u_sync_fifo/mem_reg[2][30]/next_state
u_sync_fifo/mem_reg[2][31]/next_state
u_sync_fifo/mem_reg[3][0]/next_state
u_sync_fifo/mem_reg[3][1]/next_state
u_sync_fifo/mem_reg[3][2]/next_state
u_sync_fifo/mem_reg[3][3]/next_state
u_sync_fifo/mem_reg[3][4]/next_state
u_sync_fifo/mem_reg[3][5]/next_state
u_sync_fifo/mem_reg[3][6]/next_state
u_sync_fifo/mem_reg[3][7]/next_state
u_sync_fifo/mem_reg[3][8]/next_state
u_sync_fifo/mem_reg[3][9]/next_state
u_sync_fifo/mem_reg[3][10]/next_state
u_sync_fifo/mem_reg[3][11]/next_state
u_sync_fifo/mem_reg[3][12]/next_state
u_sync_fifo/mem_reg[3][13]/next_state
u_sync_fifo/mem_reg[3][14]/next_state
u_sync_fifo/mem_reg[3][15]/next_state
u_sync_fifo/mem_reg[3][16]/next_state
u_sync_fifo/mem_reg[3][17]/next_state
u_sync_fifo/mem_reg[3][18]/next_state
u_sync_fifo/mem_reg[3][19]/next_state
u_sync_fifo/mem_reg[3][20]/next_state
u_sync_fifo/mem_reg[3][21]/next_state
u_sync_fifo/mem_reg[3][22]/next_state
u_sync_fifo/mem_reg[3][23]/next_state
u_sync_fifo/mem_reg[3][24]/next_state
u_sync_fifo/mem_reg[3][25]/next_state
u_sync_fifo/mem_reg[3][26]/next_state
u_sync_fifo/mem_reg[3][27]/next_state
u_sync_fifo/mem_reg[3][28]/next_state
u_sync_fifo/mem_reg[3][29]/next_state
u_sync_fifo/mem_reg[3][30]/next_state
u_sync_fifo/mem_reg[3][31]/next_state
u_sync_fifo/mem_reg[4][0]/next_state
u_sync_fifo/mem_reg[4][1]/next_state
u_sync_fifo/mem_reg[4][2]/next_state
u_sync_fifo/mem_reg[4][3]/next_state
u_sync_fifo/mem_reg[4][4]/next_state
u_sync_fifo/mem_reg[4][5]/next_state
u_sync_fifo/mem_reg[4][6]/next_state
u_sync_fifo/mem_reg[4][7]/next_state
u_sync_fifo/mem_reg[4][8]/next_state
u_sync_fifo/mem_reg[4][9]/next_state
u_sync_fifo/mem_reg[4][10]/next_state
u_sync_fifo/mem_reg[4][11]/next_state
u_sync_fifo/mem_reg[4][12]/next_state
u_sync_fifo/mem_reg[4][13]/next_state
u_sync_fifo/mem_reg[4][14]/next_state
u_sync_fifo/mem_reg[4][15]/next_state
u_sync_fifo/mem_reg[4][16]/next_state
u_sync_fifo/mem_reg[4][17]/next_state
u_sync_fifo/mem_reg[4][18]/next_state
u_sync_fifo/mem_reg[4][19]/next_state
u_sync_fifo/mem_reg[4][20]/next_state
u_sync_fifo/mem_reg[4][21]/next_state
u_sync_fifo/mem_reg[4][22]/next_state
u_sync_fifo/mem_reg[4][23]/next_state
u_sync_fifo/mem_reg[4][24]/next_state
u_sync_fifo/mem_reg[4][25]/next_state
u_sync_fifo/mem_reg[4][26]/next_state
u_sync_fifo/mem_reg[4][27]/next_state
u_sync_fifo/mem_reg[4][28]/next_state
u_sync_fifo/mem_reg[4][29]/next_state
u_sync_fifo/mem_reg[4][30]/next_state
u_sync_fifo/mem_reg[4][31]/next_state
u_sync_fifo/mem_reg[5][0]/next_state
u_sync_fifo/mem_reg[5][1]/next_state
u_sync_fifo/mem_reg[5][2]/next_state
u_sync_fifo/mem_reg[5][3]/next_state
u_sync_fifo/mem_reg[5][4]/next_state
u_sync_fifo/mem_reg[5][5]/next_state
u_sync_fifo/mem_reg[5][6]/next_state
u_sync_fifo/mem_reg[5][7]/next_state
u_sync_fifo/mem_reg[5][8]/next_state
u_sync_fifo/mem_reg[5][9]/next_state
u_sync_fifo/mem_reg[5][10]/next_state
u_sync_fifo/mem_reg[5][11]/next_state
u_sync_fifo/mem_reg[5][12]/next_state
u_sync_fifo/mem_reg[5][13]/next_state
u_sync_fifo/mem_reg[5][14]/next_state
u_sync_fifo/mem_reg[5][15]/next_state
u_sync_fifo/mem_reg[5][16]/next_state
u_sync_fifo/mem_reg[5][17]/next_state
u_sync_fifo/mem_reg[5][18]/next_state
u_sync_fifo/mem_reg[5][19]/next_state
u_sync_fifo/mem_reg[5][20]/next_state
u_sync_fifo/mem_reg[5][21]/next_state
u_sync_fifo/mem_reg[5][22]/next_state
u_sync_fifo/mem_reg[5][23]/next_state
u_sync_fifo/mem_reg[5][24]/next_state
u_sync_fifo/mem_reg[5][25]/next_state
u_sync_fifo/mem_reg[5][26]/next_state
u_sync_fifo/mem_reg[5][27]/next_state
u_sync_fifo/mem_reg[5][28]/next_state
u_sync_fifo/mem_reg[5][29]/next_state
u_sync_fifo/mem_reg[5][30]/next_state
u_sync_fifo/mem_reg[5][31]/next_state
u_sync_fifo/mem_reg[6][0]/next_state
u_sync_fifo/mem_reg[6][1]/next_state
u_sync_fifo/mem_reg[6][2]/next_state
u_sync_fifo/mem_reg[6][3]/next_state
u_sync_fifo/mem_reg[6][4]/next_state
u_sync_fifo/mem_reg[6][5]/next_state
u_sync_fifo/mem_reg[6][6]/next_state
u_sync_fifo/mem_reg[6][7]/next_state
u_sync_fifo/mem_reg[6][8]/next_state
u_sync_fifo/mem_reg[6][9]/next_state
u_sync_fifo/mem_reg[6][10]/next_state
u_sync_fifo/mem_reg[6][11]/next_state
u_sync_fifo/mem_reg[6][12]/next_state
u_sync_fifo/mem_reg[6][13]/next_state
u_sync_fifo/mem_reg[6][14]/next_state
u_sync_fifo/mem_reg[6][15]/next_state
u_sync_fifo/mem_reg[6][16]/next_state
u_sync_fifo/mem_reg[6][17]/next_state
u_sync_fifo/mem_reg[6][18]/next_state
u_sync_fifo/mem_reg[6][19]/next_state
u_sync_fifo/mem_reg[6][20]/next_state
u_sync_fifo/mem_reg[6][21]/next_state
u_sync_fifo/mem_reg[6][22]/next_state
u_sync_fifo/mem_reg[6][23]/next_state
u_sync_fifo/mem_reg[6][24]/next_state
u_sync_fifo/mem_reg[6][25]/next_state
u_sync_fifo/mem_reg[6][26]/next_state
u_sync_fifo/mem_reg[6][27]/next_state
u_sync_fifo/mem_reg[6][28]/next_state
u_sync_fifo/mem_reg[6][29]/next_state
u_sync_fifo/mem_reg[6][30]/next_state
u_sync_fifo/mem_reg[6][31]/next_state
u_sync_fifo/mem_reg[7][0]/next_state
u_sync_fifo/mem_reg[7][1]/next_state
u_sync_fifo/mem_reg[7][2]/next_state
u_sync_fifo/mem_reg[7][3]/next_state
u_sync_fifo/mem_reg[7][4]/next_state
u_sync_fifo/mem_reg[7][5]/next_state
u_sync_fifo/mem_reg[7][6]/next_state
u_sync_fifo/mem_reg[7][7]/next_state
u_sync_fifo/mem_reg[7][8]/next_state
u_sync_fifo/mem_reg[7][9]/next_state
u_sync_fifo/mem_reg[7][10]/next_state
u_sync_fifo/mem_reg[7][11]/next_state
u_sync_fifo/mem_reg[7][12]/next_state
u_sync_fifo/mem_reg[7][13]/next_state
u_sync_fifo/mem_reg[7][14]/next_state
u_sync_fifo/mem_reg[7][15]/next_state
u_sync_fifo/mem_reg[7][16]/next_state
u_sync_fifo/mem_reg[7][17]/next_state
u_sync_fifo/mem_reg[7][18]/next_state
u_sync_fifo/mem_reg[7][19]/next_state
u_sync_fifo/mem_reg[7][20]/next_state
u_sync_fifo/mem_reg[7][21]/next_state
u_sync_fifo/mem_reg[7][22]/next_state
u_sync_fifo/mem_reg[7][23]/next_state
u_sync_fifo/mem_reg[7][24]/next_state
u_sync_fifo/mem_reg[7][25]/next_state
u_sync_fifo/mem_reg[7][26]/next_state
u_sync_fifo/mem_reg[7][27]/next_state
u_sync_fifo/mem_reg[7][28]/next_state
u_sync_fifo/mem_reg[7][29]/next_state
u_sync_fifo/mem_reg[7][30]/next_state
u_sync_fifo/mem_reg[7][31]/next_state
u_sync_fifo/mem_reg[8][0]/next_state
u_sync_fifo/mem_reg[8][1]/next_state
u_sync_fifo/mem_reg[8][2]/next_state
u_sync_fifo/mem_reg[8][3]/next_state
u_sync_fifo/mem_reg[8][4]/next_state
u_sync_fifo/mem_reg[8][5]/next_state
u_sync_fifo/mem_reg[8][6]/next_state
u_sync_fifo/mem_reg[8][7]/next_state
u_sync_fifo/mem_reg[8][8]/next_state
u_sync_fifo/mem_reg[8][9]/next_state
u_sync_fifo/mem_reg[8][10]/next_state
u_sync_fifo/mem_reg[8][11]/next_state
u_sync_fifo/mem_reg[8][12]/next_state
u_sync_fifo/mem_reg[8][13]/next_state
u_sync_fifo/mem_reg[8][14]/next_state
u_sync_fifo/mem_reg[8][15]/next_state
u_sync_fifo/mem_reg[8][16]/next_state
u_sync_fifo/mem_reg[8][17]/next_state
u_sync_fifo/mem_reg[8][18]/next_state
u_sync_fifo/mem_reg[8][19]/next_state
u_sync_fifo/mem_reg[8][20]/next_state
u_sync_fifo/mem_reg[8][21]/next_state
u_sync_fifo/mem_reg[8][22]/next_state
u_sync_fifo/mem_reg[8][23]/next_state
u_sync_fifo/mem_reg[8][24]/next_state
u_sync_fifo/mem_reg[8][25]/next_state
u_sync_fifo/mem_reg[8][26]/next_state
u_sync_fifo/mem_reg[8][27]/next_state
u_sync_fifo/mem_reg[8][28]/next_state
u_sync_fifo/mem_reg[8][29]/next_state
u_sync_fifo/mem_reg[8][30]/next_state
u_sync_fifo/mem_reg[8][31]/next_state
u_sync_fifo/mem_reg[9][0]/next_state
u_sync_fifo/mem_reg[9][1]/next_state
u_sync_fifo/mem_reg[9][2]/next_state
u_sync_fifo/mem_reg[9][3]/next_state
u_sync_fifo/mem_reg[9][4]/next_state
u_sync_fifo/mem_reg[9][5]/next_state
u_sync_fifo/mem_reg[9][6]/next_state
u_sync_fifo/mem_reg[9][7]/next_state
u_sync_fifo/mem_reg[9][8]/next_state
u_sync_fifo/mem_reg[9][9]/next_state
u_sync_fifo/mem_reg[9][10]/next_state
u_sync_fifo/mem_reg[9][11]/next_state
u_sync_fifo/mem_reg[9][12]/next_state
u_sync_fifo/mem_reg[9][13]/next_state
u_sync_fifo/mem_reg[9][14]/next_state
u_sync_fifo/mem_reg[9][15]/next_state
u_sync_fifo/mem_reg[9][16]/next_state
u_sync_fifo/mem_reg[9][17]/next_state
u_sync_fifo/mem_reg[9][18]/next_state
u_sync_fifo/mem_reg[9][19]/next_state
u_sync_fifo/mem_reg[9][20]/next_state
u_sync_fifo/mem_reg[9][21]/next_state
u_sync_fifo/mem_reg[9][22]/next_state
u_sync_fifo/mem_reg[9][23]/next_state
u_sync_fifo/mem_reg[9][24]/next_state
u_sync_fifo/mem_reg[9][25]/next_state
u_sync_fifo/mem_reg[9][26]/next_state
u_sync_fifo/mem_reg[9][27]/next_state
u_sync_fifo/mem_reg[9][28]/next_state
u_sync_fifo/mem_reg[9][29]/next_state
u_sync_fifo/mem_reg[9][30]/next_state
u_sync_fifo/mem_reg[9][31]/next_state
u_sync_fifo/mem_reg[10][0]/next_state
u_sync_fifo/mem_reg[10][1]/next_state
u_sync_fifo/mem_reg[10][2]/next_state
u_sync_fifo/mem_reg[10][3]/next_state
u_sync_fifo/mem_reg[10][4]/next_state
u_sync_fifo/mem_reg[10][5]/next_state
u_sync_fifo/mem_reg[10][6]/next_state
u_sync_fifo/mem_reg[10][7]/next_state
u_sync_fifo/mem_reg[10][8]/next_state
u_sync_fifo/mem_reg[10][9]/next_state
u_sync_fifo/mem_reg[10][10]/next_state
u_sync_fifo/mem_reg[10][11]/next_state
u_sync_fifo/mem_reg[10][12]/next_state
u_sync_fifo/mem_reg[10][13]/next_state
u_sync_fifo/mem_reg[10][14]/next_state
u_sync_fifo/mem_reg[10][15]/next_state
u_sync_fifo/mem_reg[10][16]/next_state
u_sync_fifo/mem_reg[10][17]/next_state
u_sync_fifo/mem_reg[10][18]/next_state
u_sync_fifo/mem_reg[10][19]/next_state
u_sync_fifo/mem_reg[10][20]/next_state
u_sync_fifo/mem_reg[10][21]/next_state
u_sync_fifo/mem_reg[10][22]/next_state
u_sync_fifo/mem_reg[10][23]/next_state
u_sync_fifo/mem_reg[10][24]/next_state
u_sync_fifo/mem_reg[10][25]/next_state
u_sync_fifo/mem_reg[10][26]/next_state
u_sync_fifo/mem_reg[10][27]/next_state
u_sync_fifo/mem_reg[10][28]/next_state
u_sync_fifo/mem_reg[10][29]/next_state
u_sync_fifo/mem_reg[10][30]/next_state
u_sync_fifo/mem_reg[10][31]/next_state
u_sync_fifo/mem_reg[11][0]/next_state
u_sync_fifo/mem_reg[11][1]/next_state
u_sync_fifo/mem_reg[11][2]/next_state
u_sync_fifo/mem_reg[11][3]/next_state
u_sync_fifo/mem_reg[11][4]/next_state
u_sync_fifo/mem_reg[11][5]/next_state
u_sync_fifo/mem_reg[11][6]/next_state
u_sync_fifo/mem_reg[11][7]/next_state
u_sync_fifo/mem_reg[11][8]/next_state
u_sync_fifo/mem_reg[11][9]/next_state
u_sync_fifo/mem_reg[11][10]/next_state
u_sync_fifo/mem_reg[11][11]/next_state
u_sync_fifo/mem_reg[11][12]/next_state
u_sync_fifo/mem_reg[11][13]/next_state
u_sync_fifo/mem_reg[11][14]/next_state
u_sync_fifo/mem_reg[11][15]/next_state
u_sync_fifo/mem_reg[11][16]/next_state
u_sync_fifo/mem_reg[11][17]/next_state
u_sync_fifo/mem_reg[11][18]/next_state
u_sync_fifo/mem_reg[11][19]/next_state
u_sync_fifo/mem_reg[11][20]/next_state
u_sync_fifo/mem_reg[11][21]/next_state
u_sync_fifo/mem_reg[11][22]/next_state
u_sync_fifo/mem_reg[11][23]/next_state
u_sync_fifo/mem_reg[11][24]/next_state
u_sync_fifo/mem_reg[11][25]/next_state
u_sync_fifo/mem_reg[11][26]/next_state
u_sync_fifo/mem_reg[11][27]/next_state
u_sync_fifo/mem_reg[11][28]/next_state
u_sync_fifo/mem_reg[11][29]/next_state
u_sync_fifo/mem_reg[11][30]/next_state
u_sync_fifo/mem_reg[11][31]/next_state
u_sync_fifo/mem_reg[12][0]/next_state
u_sync_fifo/mem_reg[12][1]/next_state
u_sync_fifo/mem_reg[12][2]/next_state
u_sync_fifo/mem_reg[12][3]/next_state
u_sync_fifo/mem_reg[12][4]/next_state
u_sync_fifo/mem_reg[12][5]/next_state
u_sync_fifo/mem_reg[12][6]/next_state
u_sync_fifo/mem_reg[12][7]/next_state
u_sync_fifo/mem_reg[12][8]/next_state
u_sync_fifo/mem_reg[12][9]/next_state
u_sync_fifo/mem_reg[12][10]/next_state
u_sync_fifo/mem_reg[12][11]/next_state
u_sync_fifo/mem_reg[12][12]/next_state
u_sync_fifo/mem_reg[12][13]/next_state
u_sync_fifo/mem_reg[12][14]/next_state
u_sync_fifo/mem_reg[12][15]/next_state
u_sync_fifo/mem_reg[12][16]/next_state
u_sync_fifo/mem_reg[12][17]/next_state
u_sync_fifo/mem_reg[12][18]/next_state
u_sync_fifo/mem_reg[12][19]/next_state
u_sync_fifo/mem_reg[12][20]/next_state
u_sync_fifo/mem_reg[12][21]/next_state
u_sync_fifo/mem_reg[12][22]/next_state
u_sync_fifo/mem_reg[12][23]/next_state
u_sync_fifo/mem_reg[12][24]/next_state
u_sync_fifo/mem_reg[12][25]/next_state
u_sync_fifo/mem_reg[12][26]/next_state
u_sync_fifo/mem_reg[12][27]/next_state
u_sync_fifo/mem_reg[12][28]/next_state
u_sync_fifo/mem_reg[12][29]/next_state
u_sync_fifo/mem_reg[12][30]/next_state
u_sync_fifo/mem_reg[12][31]/next_state
u_sync_fifo/mem_reg[13][0]/next_state
u_sync_fifo/mem_reg[13][1]/next_state
u_sync_fifo/mem_reg[13][2]/next_state
u_sync_fifo/mem_reg[13][3]/next_state
u_sync_fifo/mem_reg[13][4]/next_state
u_sync_fifo/mem_reg[13][5]/next_state
u_sync_fifo/mem_reg[13][6]/next_state
u_sync_fifo/mem_reg[13][7]/next_state
u_sync_fifo/mem_reg[13][8]/next_state
u_sync_fifo/mem_reg[13][9]/next_state
u_sync_fifo/mem_reg[13][10]/next_state
u_sync_fifo/mem_reg[13][11]/next_state
u_sync_fifo/mem_reg[13][12]/next_state
u_sync_fifo/mem_reg[13][13]/next_state
u_sync_fifo/mem_reg[13][14]/next_state
u_sync_fifo/mem_reg[13][15]/next_state
u_sync_fifo/mem_reg[13][16]/next_state
u_sync_fifo/mem_reg[13][17]/next_state
u_sync_fifo/mem_reg[13][18]/next_state
u_sync_fifo/mem_reg[13][19]/next_state
u_sync_fifo/mem_reg[13][20]/next_state
u_sync_fifo/mem_reg[13][21]/next_state
u_sync_fifo/mem_reg[13][22]/next_state
u_sync_fifo/mem_reg[13][23]/next_state
u_sync_fifo/mem_reg[13][24]/next_state
u_sync_fifo/mem_reg[13][25]/next_state
u_sync_fifo/mem_reg[13][26]/next_state
u_sync_fifo/mem_reg[13][27]/next_state
u_sync_fifo/mem_reg[13][28]/next_state
u_sync_fifo/mem_reg[13][29]/next_state
u_sync_fifo/mem_reg[13][30]/next_state
u_sync_fifo/mem_reg[13][31]/next_state
u_sync_fifo/mem_reg[14][0]/next_state
u_sync_fifo/mem_reg[14][1]/next_state
u_sync_fifo/mem_reg[14][2]/next_state
u_sync_fifo/mem_reg[14][3]/next_state
u_sync_fifo/mem_reg[14][4]/next_state
u_sync_fifo/mem_reg[14][5]/next_state
u_sync_fifo/mem_reg[14][6]/next_state
u_sync_fifo/mem_reg[14][7]/next_state
u_sync_fifo/mem_reg[14][8]/next_state
u_sync_fifo/mem_reg[14][9]/next_state
u_sync_fifo/mem_reg[14][10]/next_state
u_sync_fifo/mem_reg[14][11]/next_state
u_sync_fifo/mem_reg[14][12]/next_state
u_sync_fifo/mem_reg[14][13]/next_state
u_sync_fifo/mem_reg[14][14]/next_state
u_sync_fifo/mem_reg[14][15]/next_state
u_sync_fifo/mem_reg[14][16]/next_state
u_sync_fifo/mem_reg[14][17]/next_state
u_sync_fifo/mem_reg[14][18]/next_state
u_sync_fifo/mem_reg[14][19]/next_state
u_sync_fifo/mem_reg[14][20]/next_state
u_sync_fifo/mem_reg[14][21]/next_state
u_sync_fifo/mem_reg[14][22]/next_state
u_sync_fifo/mem_reg[14][23]/next_state
u_sync_fifo/mem_reg[14][24]/next_state
u_sync_fifo/mem_reg[14][25]/next_state
u_sync_fifo/mem_reg[14][26]/next_state
u_sync_fifo/mem_reg[14][27]/next_state
u_sync_fifo/mem_reg[14][28]/next_state
u_sync_fifo/mem_reg[14][29]/next_state
u_sync_fifo/mem_reg[14][30]/next_state
u_sync_fifo/mem_reg[14][31]/next_state
u_sync_fifo/mem_reg[15][0]/next_state
u_sync_fifo/mem_reg[15][1]/next_state
u_sync_fifo/mem_reg[15][2]/next_state
u_sync_fifo/mem_reg[15][3]/next_state
u_sync_fifo/mem_reg[15][4]/next_state
u_sync_fifo/mem_reg[15][5]/next_state
u_sync_fifo/mem_reg[15][6]/next_state
u_sync_fifo/mem_reg[15][7]/next_state
u_sync_fifo/mem_reg[15][8]/next_state
u_sync_fifo/mem_reg[15][9]/next_state
u_sync_fifo/mem_reg[15][10]/next_state
u_sync_fifo/mem_reg[15][11]/next_state
u_sync_fifo/mem_reg[15][12]/next_state
u_sync_fifo/mem_reg[15][13]/next_state
u_sync_fifo/mem_reg[15][14]/next_state
u_sync_fifo/mem_reg[15][15]/next_state
u_sync_fifo/mem_reg[15][16]/next_state
u_sync_fifo/mem_reg[15][17]/next_state
u_sync_fifo/mem_reg[15][18]/next_state
u_sync_fifo/mem_reg[15][19]/next_state
u_sync_fifo/mem_reg[15][20]/next_state
u_sync_fifo/mem_reg[15][21]/next_state
u_sync_fifo/mem_reg[15][22]/next_state
u_sync_fifo/mem_reg[15][23]/next_state
u_sync_fifo/mem_reg[15][24]/next_state
u_sync_fifo/mem_reg[15][25]/next_state
u_sync_fifo/mem_reg[15][26]/next_state
u_sync_fifo/mem_reg[15][27]/next_state
u_sync_fifo/mem_reg[15][28]/next_state
u_sync_fifo/mem_reg[15][29]/next_state
u_sync_fifo/mem_reg[15][30]/next_state
u_sync_fifo/mem_reg[15][31]/next_state

Information: Checking pulse_clock_cell_type...

Information: Checking no_driving_cell...

Information: Checking partial_input_delay...
1
