 
****************************************
Report : port
        -verbose
Design : sha256
Version: O-2018.06-SP1
Date   : Fri Sep 15 10:31:25 2023
****************************************



Attributes:
    i - ideal_network

                       Pin      Wire     Max     Max     Connection
Port           Dir     Load     Load     Trans   Cap     Class      Attrs
--------------------------------------------------------------------------------
arready        in      0.0000   0.0000   --      --      --         
clk            in      0.0000   0.0000   --      --      --         i
paddr[0]       in      0.0000   0.0000   --      --      --         
paddr[1]       in      0.0000   0.0000   --      --      --         
paddr[2]       in      0.0000   0.0000   --      --      --         
paddr[3]       in      0.0000   0.0000   --      --      --         
paddr[4]       in      0.0000   0.0000   --      --      --         
paddr[5]       in      0.0000   0.0000   --      --      --         
paddr[6]       in      0.0000   0.0000   --      --      --         
paddr[7]       in      0.0000   0.0000   --      --      --         
penable        in      0.0000   0.0000   --      --      --         
psel           in      0.0000   0.0000   --      --      --         
pwdata[0]      in      0.0000   0.0000   --      --      --         
pwdata[1]      in      0.0000   0.0000   --      --      --         
pwdata[2]      in      0.0000   0.0000   --      --      --         
pwdata[3]      in      0.0000   0.0000   --      --      --         
pwdata[4]      in      0.0000   0.0000   --      --      --         
pwdata[5]      in      0.0000   0.0000   --      --      --         
pwdata[6]      in      0.0000   0.0000   --      --      --         
pwdata[7]      in      0.0000   0.0000   --      --      --         
pwdata[8]      in      0.0000   0.0000   --      --      --         
pwdata[9]      in      0.0000   0.0000   --      --      --         
pwdata[10]     in      0.0000   0.0000   --      --      --         
pwdata[11]     in      0.0000   0.0000   --      --      --         
pwdata[12]     in      0.0000   0.0000   --      --      --         
pwdata[13]     in      0.0000   0.0000   --      --      --         
pwdata[14]     in      0.0000   0.0000   --      --      --         
pwdata[15]     in      0.0000   0.0000   --      --      --         
pwdata[16]     in      0.0000   0.0000   --      --      --         
pwdata[17]     in      0.0000   0.0000   --      --      --         
pwdata[18]     in      0.0000   0.0000   --      --      --         
pwdata[19]     in      0.0000   0.0000   --      --      --         
pwdata[20]     in      0.0000   0.0000   --      --      --         
pwdata[21]     in      0.0000   0.0000   --      --      --         
pwdata[22]     in      0.0000   0.0000   --      --      --         
pwdata[23]     in      0.0000   0.0000   --      --      --         
pwdata[24]     in      0.0000   0.0000   --      --      --         
pwdata[25]     in      0.0000   0.0000   --      --      --         
pwdata[26]     in      0.0000   0.0000   --      --      --         
pwdata[27]     in      0.0000   0.0000   --      --      --         
pwdata[28]     in      0.0000   0.0000   --      --      --         
pwdata[29]     in      0.0000   0.0000   --      --      --         
pwdata[30]     in      0.0000   0.0000   --      --      --         
pwdata[31]     in      0.0000   0.0000   --      --      --         
pwrite         in      0.0000   0.0000   --      --      --         
rdata[0]       in      0.0000   0.0000   --      --      --         
rdata[1]       in      0.0000   0.0000   --      --      --         
rdata[2]       in      0.0000   0.0000   --      --      --         
rdata[3]       in      0.0000   0.0000   --      --      --         
rdata[4]       in      0.0000   0.0000   --      --      --         
rdata[5]       in      0.0000   0.0000   --      --      --         
rdata[6]       in      0.0000   0.0000   --      --      --         
rdata[7]       in      0.0000   0.0000   --      --      --         
rdata[8]       in      0.0000   0.0000   --      --      --         
rdata[9]       in      0.0000   0.0000   --      --      --         
rdata[10]      in      0.0000   0.0000   --      --      --         
rdata[11]      in      0.0000   0.0000   --      --      --         
rdata[12]      in      0.0000   0.0000   --      --      --         
rdata[13]      in      0.0000   0.0000   --      --      --         
rdata[14]      in      0.0000   0.0000   --      --      --         
rdata[15]      in      0.0000   0.0000   --      --      --         
rdata[16]      in      0.0000   0.0000   --      --      --         
rdata[17]      in      0.0000   0.0000   --      --      --         
rdata[18]      in      0.0000   0.0000   --      --      --         
rdata[19]      in      0.0000   0.0000   --      --      --         
rdata[20]      in      0.0000   0.0000   --      --      --         
rdata[21]      in      0.0000   0.0000   --      --      --         
rdata[22]      in      0.0000   0.0000   --      --      --         
rdata[23]      in      0.0000   0.0000   --      --      --         
rdata[24]      in      0.0000   0.0000   --      --      --         
rdata[25]      in      0.0000   0.0000   --      --      --         
rdata[26]      in      0.0000   0.0000   --      --      --         
rdata[27]      in      0.0000   0.0000   --      --      --         
rdata[28]      in      0.0000   0.0000   --      --      --         
rdata[29]      in      0.0000   0.0000   --      --      --         
rdata[30]      in      0.0000   0.0000   --      --      --         
rdata[31]      in      0.0000   0.0000   --      --      --         
rid[0]         in      0.0000   0.0000   --      --      --         
rid[1]         in      0.0000   0.0000   --      --      --         
rid[2]         in      0.0000   0.0000   --      --      --         
rid[3]         in      0.0000   0.0000   --      --      --         
rlast          in      0.0000   0.0000   --      --      --         
rresp[0]       in      0.0000   0.0000   --      --      --         
rresp[1]       in      0.0000   0.0000   --      --      --         
rstn           in      0.0000   0.0000   --      --      --         i
rvalid         in      0.0000   0.0000   --      --      --         
araddr[0]      out     0.2000   0.0000   --      --      --         
araddr[1]      out     0.2000   0.0000   --      --      --         
araddr[2]      out     0.2000   0.0000   --      --      --         
araddr[3]      out     0.2000   0.0000   --      --      --         
araddr[4]      out     0.2000   0.0000   --      --      --         
araddr[5]      out     0.2000   0.0000   --      --      --         
araddr[6]      out     0.2000   0.0000   --      --      --         
araddr[7]      out     0.2000   0.0000   --      --      --         
araddr[8]      out     0.2000   0.0000   --      --      --         
araddr[9]      out     0.2000   0.0000   --      --      --         
araddr[10]     out     0.2000   0.0000   --      --      --         
araddr[11]     out     0.2000   0.0000   --      --      --         
araddr[12]     out     0.2000   0.0000   --      --      --         
araddr[13]     out     0.2000   0.0000   --      --      --         
araddr[14]     out     0.2000   0.0000   --      --      --         
araddr[15]     out     0.2000   0.0000   --      --      --         
araddr[16]     out     0.2000   0.0000   --      --      --         
araddr[17]     out     0.2000   0.0000   --      --      --         
araddr[18]     out     0.2000   0.0000   --      --      --         
araddr[19]     out     0.2000   0.0000   --      --      --         
araddr[20]     out     0.2000   0.0000   --      --      --         
araddr[21]     out     0.2000   0.0000   --      --      --         
araddr[22]     out     0.2000   0.0000   --      --      --         
araddr[23]     out     0.2000   0.0000   --      --      --         
araddr[24]     out     0.2000   0.0000   --      --      --         
araddr[25]     out     0.2000   0.0000   --      --      --         
araddr[26]     out     0.2000   0.0000   --      --      --         
araddr[27]     out     0.2000   0.0000   --      --      --         
araddr[28]     out     0.2000   0.0000   --      --      --         
araddr[29]     out     0.2000   0.0000   --      --      --         
araddr[30]     out     0.2000   0.0000   --      --      --         
araddr[31]     out     0.2000   0.0000   --      --      --         
arburst[0]     out     0.2000   0.0000   --      --      --         
arburst[1]     out     0.2000   0.0000   --      --      --         
arcache[0]     out     0.2000   0.0000   --      --      --         
arcache[1]     out     0.2000   0.0000   --      --      --         
arcache[2]     out     0.2000   0.0000   --      --      --         
arcache[3]     out     0.2000   0.0000   --      --      --         
arid[0]        out     0.2000   0.0000   --      --      --         
arid[1]        out     0.2000   0.0000   --      --      --         
arid[2]        out     0.2000   0.0000   --      --      --         
arid[3]        out     0.2000   0.0000   --      --      --         
arlen[0]       out     0.2000   0.0000   --      --      --         
arlen[1]       out     0.2000   0.0000   --      --      --         
arlen[2]       out     0.2000   0.0000   --      --      --         
arlen[3]       out     0.2000   0.0000   --      --      --         
arlock[0]      out     0.2000   0.0000   --      --      --         
arlock[1]      out     0.2000   0.0000   --      --      --         
arprot[0]      out     0.2000   0.0000   --      --      --         
arprot[1]      out     0.2000   0.0000   --      --      --         
arprot[2]      out     0.2000   0.0000   --      --      --         
arsize[0]      out     0.2000   0.0000   --      --      --         
arsize[1]      out     0.2000   0.0000   --      --      --         
arsize[2]      out     0.2000   0.0000   --      --      --         
arvalid        out     0.2000   0.0000   --      --      --         
intr           out     0.2000   0.0000   --      --      --         
prdata[0]      out     0.2000   0.0000   --      --      --         
prdata[1]      out     0.2000   0.0000   --      --      --         
prdata[2]      out     0.2000   0.0000   --      --      --         
prdata[3]      out     0.2000   0.0000   --      --      --         
prdata[4]      out     0.2000   0.0000   --      --      --         
prdata[5]      out     0.2000   0.0000   --      --      --         
prdata[6]      out     0.2000   0.0000   --      --      --         
prdata[7]      out     0.2000   0.0000   --      --      --         
prdata[8]      out     0.2000   0.0000   --      --      --         
prdata[9]      out     0.2000   0.0000   --      --      --         
prdata[10]     out     0.2000   0.0000   --      --      --         
prdata[11]     out     0.2000   0.0000   --      --      --         
prdata[12]     out     0.2000   0.0000   --      --      --         
prdata[13]     out     0.2000   0.0000   --      --      --         
prdata[14]     out     0.2000   0.0000   --      --      --         
prdata[15]     out     0.2000   0.0000   --      --      --         
prdata[16]     out     0.2000   0.0000   --      --      --         
prdata[17]     out     0.2000   0.0000   --      --      --         
prdata[18]     out     0.2000   0.0000   --      --      --         
prdata[19]     out     0.2000   0.0000   --      --      --         
prdata[20]     out     0.2000   0.0000   --      --      --         
prdata[21]     out     0.2000   0.0000   --      --      --         
prdata[22]     out     0.2000   0.0000   --      --      --         
prdata[23]     out     0.2000   0.0000   --      --      --         
prdata[24]     out     0.2000   0.0000   --      --      --         
prdata[25]     out     0.2000   0.0000   --      --      --         
prdata[26]     out     0.2000   0.0000   --      --      --         
prdata[27]     out     0.2000   0.0000   --      --      --         
prdata[28]     out     0.2000   0.0000   --      --      --         
prdata[29]     out     0.2000   0.0000   --      --      --         
prdata[30]     out     0.2000   0.0000   --      --      --         
prdata[31]     out     0.2000   0.0000   --      --      --         
pready         out     0.2000   0.0000   --      --      --         
rready         out     0.2000   0.0000   --      --      --         


              External  Max             Min                Min       Min
              Number    Wireload        Wireload           Pin       Wire
Port          Points    Model           Model              Load      Load
--------------------------------------------------------------------------------
arready            1      --              --              --        -- 
clk                1      --              --              --        -- 
paddr[0]           1      --              --              --        -- 
paddr[1]           1      --              --              --        -- 
paddr[2]           1      --              --              --        -- 
paddr[3]           1      --              --              --        -- 
paddr[4]           1      --              --              --        -- 
paddr[5]           1      --              --              --        -- 
paddr[6]           1      --              --              --        -- 
paddr[7]           1      --              --              --        -- 
penable            1      --              --              --        -- 
psel               1      --              --              --        -- 
pwdata[0]          1      --              --              --        -- 
pwdata[1]          1      --              --              --        -- 
pwdata[2]          1      --              --              --        -- 
pwdata[3]          1      --              --              --        -- 
pwdata[4]          1      --              --              --        -- 
pwdata[5]          1      --              --              --        -- 
pwdata[6]          1      --              --              --        -- 
pwdata[7]          1      --              --              --        -- 
pwdata[8]          1      --              --              --        -- 
pwdata[9]          1      --              --              --        -- 
pwdata[10]         1      --              --              --        -- 
pwdata[11]         1      --              --              --        -- 
pwdata[12]         1      --              --              --        -- 
pwdata[13]         1      --              --              --        -- 
pwdata[14]         1      --              --              --        -- 
pwdata[15]         1      --              --              --        -- 
pwdata[16]         1      --              --              --        -- 
pwdata[17]         1      --              --              --        -- 
pwdata[18]         1      --              --              --        -- 
pwdata[19]         1      --              --              --        -- 
pwdata[20]         1      --              --              --        -- 
pwdata[21]         1      --              --              --        -- 
pwdata[22]         1      --              --              --        -- 
pwdata[23]         1      --              --              --        -- 
pwdata[24]         1      --              --              --        -- 
pwdata[25]         1      --              --              --        -- 
pwdata[26]         1      --              --              --        -- 
pwdata[27]         1      --              --              --        -- 
pwdata[28]         1      --              --              --        -- 
pwdata[29]         1      --              --              --        -- 
pwdata[30]         1      --              --              --        -- 
pwdata[31]         1      --              --              --        -- 
pwrite             1      --              --              --        -- 
rdata[0]           1      --              --              --        -- 
rdata[1]           1      --              --              --        -- 
rdata[2]           1      --              --              --        -- 
rdata[3]           1      --              --              --        -- 
rdata[4]           1      --              --              --        -- 
rdata[5]           1      --              --              --        -- 
rdata[6]           1      --              --              --        -- 
rdata[7]           1      --              --              --        -- 
rdata[8]           1      --              --              --        -- 
rdata[9]           1      --              --              --        -- 
rdata[10]          1      --              --              --        -- 
rdata[11]          1      --              --              --        -- 
rdata[12]          1      --              --              --        -- 
rdata[13]          1      --              --              --        -- 
rdata[14]          1      --              --              --        -- 
rdata[15]          1      --              --              --        -- 
rdata[16]          1      --              --              --        -- 
rdata[17]          1      --              --              --        -- 
rdata[18]          1      --              --              --        -- 
rdata[19]          1      --              --              --        -- 
rdata[20]          1      --              --              --        -- 
rdata[21]          1      --              --              --        -- 
rdata[22]          1      --              --              --        -- 
rdata[23]          1      --              --              --        -- 
rdata[24]          1      --              --              --        -- 
rdata[25]          1      --              --              --        -- 
rdata[26]          1      --              --              --        -- 
rdata[27]          1      --              --              --        -- 
rdata[28]          1      --              --              --        -- 
rdata[29]          1      --              --              --        -- 
rdata[30]          1      --              --              --        -- 
rdata[31]          1      --              --              --        -- 
rid[0]             1      --              --              --        -- 
rid[1]             1      --              --              --        -- 
rid[2]             1      --              --              --        -- 
rid[3]             1      --              --              --        -- 
rlast              1      --              --              --        -- 
rresp[0]           1      --              --              --        -- 
rresp[1]           1      --              --              --        -- 
rstn               1      --              --              --        -- 
rvalid             1      --              --              --        -- 
araddr[0]          1      --              --              --        -- 
araddr[1]          1      --              --              --        -- 
araddr[2]          1      --              --              --        -- 
araddr[3]          1      --              --              --        -- 
araddr[4]          1      --              --              --        -- 
araddr[5]          1      --              --              --        -- 
araddr[6]          1      --              --              --        -- 
araddr[7]          1      --              --              --        -- 
araddr[8]          1      --              --              --        -- 
araddr[9]          1      --              --              --        -- 
araddr[10]         1      --              --              --        -- 
araddr[11]         1      --              --              --        -- 
araddr[12]         1      --              --              --        -- 
araddr[13]         1      --              --              --        -- 
araddr[14]         1      --              --              --        -- 
araddr[15]         1      --              --              --        -- 
araddr[16]         1      --              --              --        -- 
araddr[17]         1      --              --              --        -- 
araddr[18]         1      --              --              --        -- 
araddr[19]         1      --              --              --        -- 
araddr[20]         1      --              --              --        -- 
araddr[21]         1      --              --              --        -- 
araddr[22]         1      --              --              --        -- 
araddr[23]         1      --              --              --        -- 
araddr[24]         1      --              --              --        -- 
araddr[25]         1      --              --              --        -- 
araddr[26]         1      --              --              --        -- 
araddr[27]         1      --              --              --        -- 
araddr[28]         1      --              --              --        -- 
araddr[29]         1      --              --              --        -- 
araddr[30]         1      --              --              --        -- 
araddr[31]         1      --              --              --        -- 
arburst[0]         1      --              --              --        -- 
arburst[1]         1      --              --              --        -- 
arcache[0]         1      --              --              --        -- 
arcache[1]         1      --              --              --        -- 
arcache[2]         1      --              --              --        -- 
arcache[3]         1      --              --              --        -- 
arid[0]            1      --              --              --        -- 
arid[1]            1      --              --              --        -- 
arid[2]            1      --              --              --        -- 
arid[3]            1      --              --              --        -- 
arlen[0]           1      --              --              --        -- 
arlen[1]           1      --              --              --        -- 
arlen[2]           1      --              --              --        -- 
arlen[3]           1      --              --              --        -- 
arlock[0]          1      --              --              --        -- 
arlock[1]          1      --              --              --        -- 
arprot[0]          1      --              --              --        -- 
arprot[1]          1      --              --              --        -- 
arprot[2]          1      --              --              --        -- 
arsize[0]          1      --              --              --        -- 
arsize[1]          1      --              --              --        -- 
arsize[2]          1      --              --              --        -- 
arvalid            1      --              --              --        -- 
intr               1      --              --              --        -- 
prdata[0]          1      --              --              --        -- 
prdata[1]          1      --              --              --        -- 
prdata[2]          1      --              --              --        -- 
prdata[3]          1      --              --              --        -- 
prdata[4]          1      --              --              --        -- 
prdata[5]          1      --              --              --        -- 
prdata[6]          1      --              --              --        -- 
prdata[7]          1      --              --              --        -- 
prdata[8]          1      --              --              --        -- 
prdata[9]          1      --              --              --        -- 
prdata[10]         1      --              --              --        -- 
prdata[11]         1      --              --              --        -- 
prdata[12]         1      --              --              --        -- 
prdata[13]         1      --              --              --        -- 
prdata[14]         1      --              --              --        -- 
prdata[15]         1      --              --              --        -- 
prdata[16]         1      --              --              --        -- 
prdata[17]         1      --              --              --        -- 
prdata[18]         1      --              --              --        -- 
prdata[19]         1      --              --              --        -- 
prdata[20]         1      --              --              --        -- 
prdata[21]         1      --              --              --        -- 
prdata[22]         1      --              --              --        -- 
prdata[23]         1      --              --              --        -- 
prdata[24]         1      --              --              --        -- 
prdata[25]         1      --              --              --        -- 
prdata[26]         1      --              --              --        -- 
prdata[27]         1      --              --              --        -- 
prdata[28]         1      --              --              --        -- 
prdata[29]         1      --              --              --        -- 
prdata[30]         1      --              --              --        -- 
prdata[31]         1      --              --              --        -- 
pready             1      --              --              --        -- 
rready             1      --              --              --        -- 

                    Input Delay
                  Min             Max       Related   Max
Input Port    Rise    Fall    Rise    Fall   Clock  Fanout
--------------------------------------------------------------------------------
arready       0.20    0.20    2.00    2.00  clk       --    
clk           --      --      --      --      --      -- 
paddr[0]      0.20    0.20    2.00    2.00  clk       --    
paddr[1]      0.20    0.20    2.00    2.00  clk       --    
paddr[2]      0.20    0.20    2.00    2.00  clk       --    
paddr[3]      0.20    0.20    2.00    2.00  clk       --    
paddr[4]      0.20    0.20    2.00    2.00  clk       --    
paddr[5]      0.20    0.20    2.00    2.00  clk       --    
paddr[6]      0.20    0.20    2.00    2.00  clk       --    
paddr[7]      0.20    0.20    2.00    2.00  clk       --    
penable       0.20    0.20    2.00    2.00  clk       --    
psel          0.20    0.20    2.00    2.00  clk       --    
pwdata[0]     0.20    0.20    2.00    2.00  clk       --    
pwdata[1]     0.20    0.20    2.00    2.00  clk       --    
pwdata[2]     0.20    0.20    2.00    2.00  clk       --    
pwdata[3]     0.20    0.20    2.00    2.00  clk       --    
pwdata[4]     0.20    0.20    2.00    2.00  clk       --    
pwdata[5]     0.20    0.20    2.00    2.00  clk       --    
pwdata[6]     0.20    0.20    2.00    2.00  clk       --    
pwdata[7]     0.20    0.20    2.00    2.00  clk       --    
pwdata[8]     0.20    0.20    2.00    2.00  clk       --    
pwdata[9]     0.20    0.20    2.00    2.00  clk       --    
pwdata[10]    0.20    0.20    2.00    2.00  clk       --    
pwdata[11]    0.20    0.20    2.00    2.00  clk       --    
pwdata[12]    0.20    0.20    2.00    2.00  clk       --    
pwdata[13]    0.20    0.20    2.00    2.00  clk       --    
pwdata[14]    0.20    0.20    2.00    2.00  clk       --    
pwdata[15]    0.20    0.20    2.00    2.00  clk       --    
pwdata[16]    0.20    0.20    2.00    2.00  clk       --    
pwdata[17]    0.20    0.20    2.00    2.00  clk       --    
pwdata[18]    0.20    0.20    2.00    2.00  clk       --    
pwdata[19]    0.20    0.20    2.00    2.00  clk       --    
pwdata[20]    0.20    0.20    2.00    2.00  clk       --    
pwdata[21]    0.20    0.20    2.00    2.00  clk       --    
pwdata[22]    0.20    0.20    2.00    2.00  clk       --    
pwdata[23]    0.20    0.20    2.00    2.00  clk       --    
pwdata[24]    0.20    0.20    2.00    2.00  clk       --    
pwdata[25]    0.20    0.20    2.00    2.00  clk       --    
pwdata[26]    0.20    0.20    2.00    2.00  clk       --    
pwdata[27]    0.20    0.20    2.00    2.00  clk       --    
pwdata[28]    0.20    0.20    2.00    2.00  clk       --    
pwdata[29]    0.20    0.20    2.00    2.00  clk       --    
pwdata[30]    0.20    0.20    2.00    2.00  clk       --    
pwdata[31]    0.20    0.20    2.00    2.00  clk       --    
pwrite        0.20    0.20    2.00    2.00  clk       --    
rdata[0]      0.20    0.20    2.00    2.00  clk       --    
rdata[1]      0.20    0.20    2.00    2.00  clk       --    
rdata[2]      0.20    0.20    2.00    2.00  clk       --    
rdata[3]      0.20    0.20    2.00    2.00  clk       --    
rdata[4]      0.20    0.20    2.00    2.00  clk       --    
rdata[5]      0.20    0.20    2.00    2.00  clk       --    
rdata[6]      0.20    0.20    2.00    2.00  clk       --    
rdata[7]      0.20    0.20    2.00    2.00  clk       --    
rdata[8]      0.20    0.20    2.00    2.00  clk       --    
rdata[9]      0.20    0.20    2.00    2.00  clk       --    
rdata[10]     0.20    0.20    2.00    2.00  clk       --    
rdata[11]     0.20    0.20    2.00    2.00  clk       --    
rdata[12]     0.20    0.20    2.00    2.00  clk       --    
rdata[13]     0.20    0.20    2.00    2.00  clk       --    
rdata[14]     0.20    0.20    2.00    2.00  clk       --    
rdata[15]     0.20    0.20    2.00    2.00  clk       --    
rdata[16]     0.20    0.20    2.00    2.00  clk       --    
rdata[17]     0.20    0.20    2.00    2.00  clk       --    
rdata[18]     0.20    0.20    2.00    2.00  clk       --    
rdata[19]     0.20    0.20    2.00    2.00  clk       --    
rdata[20]     0.20    0.20    2.00    2.00  clk       --    
rdata[21]     0.20    0.20    2.00    2.00  clk       --    
rdata[22]     0.20    0.20    2.00    2.00  clk       --    
rdata[23]     0.20    0.20    2.00    2.00  clk       --    
rdata[24]     0.20    0.20    2.00    2.00  clk       --    
rdata[25]     0.20    0.20    2.00    2.00  clk       --    
rdata[26]     0.20    0.20    2.00    2.00  clk       --    
rdata[27]     0.20    0.20    2.00    2.00  clk       --    
rdata[28]     0.20    0.20    2.00    2.00  clk       --    
rdata[29]     0.20    0.20    2.00    2.00  clk       --    
rdata[30]     0.20    0.20    2.00    2.00  clk       --    
rdata[31]     0.20    0.20    2.00    2.00  clk       --    
rid[0]        0.20    0.20    2.00    2.00  clk       --    
rid[1]        0.20    0.20    2.00    2.00  clk       --    
rid[2]        0.20    0.20    2.00    2.00  clk       --    
rid[3]        0.20    0.20    2.00    2.00  clk       --    
rlast         0.20    0.20    2.00    2.00  clk       --    
rresp[0]      0.20    0.20    2.00    2.00  clk       --    
rresp[1]      0.20    0.20    2.00    2.00  clk       --    
rstn          0.20    0.20    2.00    2.00  clk       --    
rvalid        0.20    0.20    2.00    2.00  clk       --    


               Max Drive      Min Drive      Resistance    Min    Min       Cell
Input Port    Rise    Fall   Rise    Fall   Max     Min    Cap    Fanout    Deg
--------------------------------------------------------------------------------
arready       --      --     --      --     --      --     --     --        -- 
clk           --      --     --      --     --      --     --     --        -- 
paddr[0]      --      --     --      --     --      --     --     --        -- 
paddr[1]      --      --     --      --     --      --     --     --        -- 
paddr[2]      --      --     --      --     --      --     --     --        -- 
paddr[3]      --      --     --      --     --      --     --     --        -- 
paddr[4]      --      --     --      --     --      --     --     --        -- 
paddr[5]      --      --     --      --     --      --     --     --        -- 
paddr[6]      --      --     --      --     --      --     --     --        -- 
paddr[7]      --      --     --      --     --      --     --     --        -- 
penable       --      --     --      --     --      --     --     --        -- 
psel          --      --     --      --     --      --     --     --        -- 
pwdata[0]     --      --     --      --     --      --     --     --        -- 
pwdata[1]     --      --     --      --     --      --     --     --        -- 
pwdata[2]     --      --     --      --     --      --     --     --        -- 
pwdata[3]     --      --     --      --     --      --     --     --        -- 
pwdata[4]     --      --     --      --     --      --     --     --        -- 
pwdata[5]     --      --     --      --     --      --     --     --        -- 
pwdata[6]     --      --     --      --     --      --     --     --        -- 
pwdata[7]     --      --     --      --     --      --     --     --        -- 
pwdata[8]     --      --     --      --     --      --     --     --        -- 
pwdata[9]     --      --     --      --     --      --     --     --        -- 
pwdata[10]    --      --     --      --     --      --     --     --        -- 
pwdata[11]    --      --     --      --     --      --     --     --        -- 
pwdata[12]    --      --     --      --     --      --     --     --        -- 
pwdata[13]    --      --     --      --     --      --     --     --        -- 
pwdata[14]    --      --     --      --     --      --     --     --        -- 
pwdata[15]    --      --     --      --     --      --     --     --        -- 
pwdata[16]    --      --     --      --     --      --     --     --        -- 
pwdata[17]    --      --     --      --     --      --     --     --        -- 
pwdata[18]    --      --     --      --     --      --     --     --        -- 
pwdata[19]    --      --     --      --     --      --     --     --        -- 
pwdata[20]    --      --     --      --     --      --     --     --        -- 
pwdata[21]    --      --     --      --     --      --     --     --        -- 
pwdata[22]    --      --     --      --     --      --     --     --        -- 
pwdata[23]    --      --     --      --     --      --     --     --        -- 
pwdata[24]    --      --     --      --     --      --     --     --        -- 
pwdata[25]    --      --     --      --     --      --     --     --        -- 
pwdata[26]    --      --     --      --     --      --     --     --        -- 
pwdata[27]    --      --     --      --     --      --     --     --        -- 
pwdata[28]    --      --     --      --     --      --     --     --        -- 
pwdata[29]    --      --     --      --     --      --     --     --        -- 
pwdata[30]    --      --     --      --     --      --     --     --        -- 
pwdata[31]    --      --     --      --     --      --     --     --        -- 
pwrite        --      --     --      --     --      --     --     --        -- 
rdata[0]      --      --     --      --     --      --     --     --        -- 
rdata[1]      --      --     --      --     --      --     --     --        -- 
rdata[2]      --      --     --      --     --      --     --     --        -- 
rdata[3]      --      --     --      --     --      --     --     --        -- 
rdata[4]      --      --     --      --     --      --     --     --        -- 
rdata[5]      --      --     --      --     --      --     --     --        -- 
rdata[6]      --      --     --      --     --      --     --     --        -- 
rdata[7]      --      --     --      --     --      --     --     --        -- 
rdata[8]      --      --     --      --     --      --     --     --        -- 
rdata[9]      --      --     --      --     --      --     --     --        -- 
rdata[10]     --      --     --      --     --      --     --     --        -- 
rdata[11]     --      --     --      --     --      --     --     --        -- 
rdata[12]     --      --     --      --     --      --     --     --        -- 
rdata[13]     --      --     --      --     --      --     --     --        -- 
rdata[14]     --      --     --      --     --      --     --     --        -- 
rdata[15]     --      --     --      --     --      --     --     --        -- 
rdata[16]     --      --     --      --     --      --     --     --        -- 
rdata[17]     --      --     --      --     --      --     --     --        -- 
rdata[18]     --      --     --      --     --      --     --     --        -- 
rdata[19]     --      --     --      --     --      --     --     --        -- 
rdata[20]     --      --     --      --     --      --     --     --        -- 
rdata[21]     --      --     --      --     --      --     --     --        -- 
rdata[22]     --      --     --      --     --      --     --     --        -- 
rdata[23]     --      --     --      --     --      --     --     --        -- 
rdata[24]     --      --     --      --     --      --     --     --        -- 
rdata[25]     --      --     --      --     --      --     --     --        -- 
rdata[26]     --      --     --      --     --      --     --     --        -- 
rdata[27]     --      --     --      --     --      --     --     --        -- 
rdata[28]     --      --     --      --     --      --     --     --        -- 
rdata[29]     --      --     --      --     --      --     --     --        -- 
rdata[30]     --      --     --      --     --      --     --     --        -- 
rdata[31]     --      --     --      --     --      --     --     --        -- 
rid[0]        --      --     --      --     --      --     --     --        -- 
rid[1]        --      --     --      --     --      --     --     --        -- 
rid[2]        --      --     --      --     --      --     --     --        -- 
rid[3]        --      --     --      --     --      --     --     --        -- 
rlast         --      --     --      --     --      --     --     --        -- 
rresp[0]      --      --     --      --     --      --     --     --        -- 
rresp[1]      --      --     --      --     --      --     --     --        -- 
rstn          --      --     --      --     --      --     --     --        -- 
rvalid        --      --     --      --     --      --     --     --        -- 


               Max Tran        Min Tran
Input Port    Rise    Fall    Rise    Fall
--------------------------------------------------------------------------------
arready       0.15    0.15    0.15    0.15
clk           --      --      --      -- 
paddr[0]      0.15    0.15    0.15    0.15
paddr[1]      0.15    0.15    0.15    0.15
paddr[2]      0.15    0.15    0.15    0.15
paddr[3]      0.15    0.15    0.15    0.15
paddr[4]      0.15    0.15    0.15    0.15
paddr[5]      0.15    0.15    0.15    0.15
paddr[6]      0.15    0.15    0.15    0.15
paddr[7]      0.15    0.15    0.15    0.15
penable       0.15    0.15    0.15    0.15
psel          0.15    0.15    0.15    0.15
pwdata[0]     0.15    0.15    0.15    0.15
pwdata[1]     0.15    0.15    0.15    0.15
pwdata[2]     0.15    0.15    0.15    0.15
pwdata[3]     0.15    0.15    0.15    0.15
pwdata[4]     0.15    0.15    0.15    0.15
pwdata[5]     0.15    0.15    0.15    0.15
pwdata[6]     0.15    0.15    0.15    0.15
pwdata[7]     0.15    0.15    0.15    0.15
pwdata[8]     0.15    0.15    0.15    0.15
pwdata[9]     0.15    0.15    0.15    0.15
pwdata[10]    0.15    0.15    0.15    0.15
pwdata[11]    0.15    0.15    0.15    0.15
pwdata[12]    0.15    0.15    0.15    0.15
pwdata[13]    0.15    0.15    0.15    0.15
pwdata[14]    0.15    0.15    0.15    0.15
pwdata[15]    0.15    0.15    0.15    0.15
pwdata[16]    0.15    0.15    0.15    0.15
pwdata[17]    0.15    0.15    0.15    0.15
pwdata[18]    0.15    0.15    0.15    0.15
pwdata[19]    0.15    0.15    0.15    0.15
pwdata[20]    0.15    0.15    0.15    0.15
pwdata[21]    0.15    0.15    0.15    0.15
pwdata[22]    0.15    0.15    0.15    0.15
pwdata[23]    0.15    0.15    0.15    0.15
pwdata[24]    0.15    0.15    0.15    0.15
pwdata[25]    0.15    0.15    0.15    0.15
pwdata[26]    0.15    0.15    0.15    0.15
pwdata[27]    0.15    0.15    0.15    0.15
pwdata[28]    0.15    0.15    0.15    0.15
pwdata[29]    0.15    0.15    0.15    0.15
pwdata[30]    0.15    0.15    0.15    0.15
pwdata[31]    0.15    0.15    0.15    0.15
pwrite        0.15    0.15    0.15    0.15
rdata[0]      0.15    0.15    0.15    0.15
rdata[1]      0.15    0.15    0.15    0.15
rdata[2]      0.15    0.15    0.15    0.15
rdata[3]      0.15    0.15    0.15    0.15
rdata[4]      0.15    0.15    0.15    0.15
rdata[5]      0.15    0.15    0.15    0.15
rdata[6]      0.15    0.15    0.15    0.15
rdata[7]      0.15    0.15    0.15    0.15
rdata[8]      0.15    0.15    0.15    0.15
rdata[9]      0.15    0.15    0.15    0.15
rdata[10]     0.15    0.15    0.15    0.15
rdata[11]     0.15    0.15    0.15    0.15
rdata[12]     0.15    0.15    0.15    0.15
rdata[13]     0.15    0.15    0.15    0.15
rdata[14]     0.15    0.15    0.15    0.15
rdata[15]     0.15    0.15    0.15    0.15
rdata[16]     0.15    0.15    0.15    0.15
rdata[17]     0.15    0.15    0.15    0.15
rdata[18]     0.15    0.15    0.15    0.15
rdata[19]     0.15    0.15    0.15    0.15
rdata[20]     0.15    0.15    0.15    0.15
rdata[21]     0.15    0.15    0.15    0.15
rdata[22]     0.15    0.15    0.15    0.15
rdata[23]     0.15    0.15    0.15    0.15
rdata[24]     0.15    0.15    0.15    0.15
rdata[25]     0.15    0.15    0.15    0.15
rdata[26]     0.15    0.15    0.15    0.15
rdata[27]     0.15    0.15    0.15    0.15
rdata[28]     0.15    0.15    0.15    0.15
rdata[29]     0.15    0.15    0.15    0.15
rdata[30]     0.15    0.15    0.15    0.15
rdata[31]     0.15    0.15    0.15    0.15
rid[0]        0.15    0.15    0.15    0.15
rid[1]        0.15    0.15    0.15    0.15
rid[2]        0.15    0.15    0.15    0.15
rid[3]        0.15    0.15    0.15    0.15
rlast         0.15    0.15    0.15    0.15
rresp[0]      0.15    0.15    0.15    0.15
rresp[1]      0.15    0.15    0.15    0.15
rstn          0.15    0.15    0.15    0.15
rvalid        0.15    0.15    0.15    0.15


                    Output Delay
                  Min             Max      Related  Fanout
Output Port   Rise    Fall    Rise    Fall  Clock     Load
--------------------------------------------------------------------------------
araddr[0]     0.00    0.00    2.00    2.00  clk       0.00  
araddr[1]     0.00    0.00    2.00    2.00  clk       0.00  
araddr[2]     0.00    0.00    2.00    2.00  clk       0.00  
araddr[3]     0.00    0.00    2.00    2.00  clk       0.00  
araddr[4]     0.00    0.00    2.00    2.00  clk       0.00  
araddr[5]     0.00    0.00    2.00    2.00  clk       0.00  
araddr[6]     0.00    0.00    2.00    2.00  clk       0.00  
araddr[7]     0.00    0.00    2.00    2.00  clk       0.00  
araddr[8]     0.00    0.00    2.00    2.00  clk       0.00  
araddr[9]     0.00    0.00    2.00    2.00  clk       0.00  
araddr[10]    0.00    0.00    2.00    2.00  clk       0.00  
araddr[11]    0.00    0.00    2.00    2.00  clk       0.00  
araddr[12]    0.00    0.00    2.00    2.00  clk       0.00  
araddr[13]    0.00    0.00    2.00    2.00  clk       0.00  
araddr[14]    0.00    0.00    2.00    2.00  clk       0.00  
araddr[15]    0.00    0.00    2.00    2.00  clk       0.00  
araddr[16]    0.00    0.00    2.00    2.00  clk       0.00  
araddr[17]    0.00    0.00    2.00    2.00  clk       0.00  
araddr[18]    0.00    0.00    2.00    2.00  clk       0.00  
araddr[19]    0.00    0.00    2.00    2.00  clk       0.00  
araddr[20]    0.00    0.00    2.00    2.00  clk       0.00  
araddr[21]    0.00    0.00    2.00    2.00  clk       0.00  
araddr[22]    0.00    0.00    2.00    2.00  clk       0.00  
araddr[23]    0.00    0.00    2.00    2.00  clk       0.00  
araddr[24]    0.00    0.00    2.00    2.00  clk       0.00  
araddr[25]    0.00    0.00    2.00    2.00  clk       0.00  
araddr[26]    0.00    0.00    2.00    2.00  clk       0.00  
araddr[27]    0.00    0.00    2.00    2.00  clk       0.00  
araddr[28]    0.00    0.00    2.00    2.00  clk       0.00  
araddr[29]    0.00    0.00    2.00    2.00  clk       0.00  
araddr[30]    0.00    0.00    2.00    2.00  clk       0.00  
araddr[31]    0.00    0.00    2.00    2.00  clk       0.00  
arburst[0]    0.00    0.00    2.00    2.00  clk       0.00  
arburst[1]    0.00    0.00    2.00    2.00  clk       0.00  
arcache[0]    0.00    0.00    2.00    2.00  clk       0.00  
arcache[1]    0.00    0.00    2.00    2.00  clk       0.00  
arcache[2]    0.00    0.00    2.00    2.00  clk       0.00  
arcache[3]    0.00    0.00    2.00    2.00  clk       0.00  
arid[0]       0.00    0.00    2.00    2.00  clk       0.00  
arid[1]       0.00    0.00    2.00    2.00  clk       0.00  
arid[2]       0.00    0.00    2.00    2.00  clk       0.00  
arid[3]       0.00    0.00    2.00    2.00  clk       0.00  
arlen[0]      0.00    0.00    2.00    2.00  clk       0.00  
arlen[1]      0.00    0.00    2.00    2.00  clk       0.00  
arlen[2]      0.00    0.00    2.00    2.00  clk       0.00  
arlen[3]      0.00    0.00    2.00    2.00  clk       0.00  
arlock[0]     0.00    0.00    2.00    2.00  clk       0.00  
arlock[1]     0.00    0.00    2.00    2.00  clk       0.00  
arprot[0]     0.00    0.00    2.00    2.00  clk       0.00  
arprot[1]     0.00    0.00    2.00    2.00  clk       0.00  
arprot[2]     0.00    0.00    2.00    2.00  clk       0.00  
arsize[0]     0.00    0.00    2.00    2.00  clk       0.00  
arsize[1]     0.00    0.00    2.00    2.00  clk       0.00  
arsize[2]     0.00    0.00    2.00    2.00  clk       0.00  
arvalid       0.00    0.00    2.00    2.00  clk       0.00  
intr          0.00    0.00    2.00    2.00  clk       0.00  
prdata[0]     0.00    0.00    2.00    2.00  clk       0.00  
prdata[1]     0.00    0.00    2.00    2.00  clk       0.00  
prdata[2]     0.00    0.00    2.00    2.00  clk       0.00  
prdata[3]     0.00    0.00    2.00    2.00  clk       0.00  
prdata[4]     0.00    0.00    2.00    2.00  clk       0.00  
prdata[5]     0.00    0.00    2.00    2.00  clk       0.00  
prdata[6]     0.00    0.00    2.00    2.00  clk       0.00  
prdata[7]     0.00    0.00    2.00    2.00  clk       0.00  
prdata[8]     0.00    0.00    2.00    2.00  clk       0.00  
prdata[9]     0.00    0.00    2.00    2.00  clk       0.00  
prdata[10]    0.00    0.00    2.00    2.00  clk       0.00  
prdata[11]    0.00    0.00    2.00    2.00  clk       0.00  
prdata[12]    0.00    0.00    2.00    2.00  clk       0.00  
prdata[13]    0.00    0.00    2.00    2.00  clk       0.00  
prdata[14]    0.00    0.00    2.00    2.00  clk       0.00  
prdata[15]    0.00    0.00    2.00    2.00  clk       0.00  
prdata[16]    0.00    0.00    2.00    2.00  clk       0.00  
prdata[17]    0.00    0.00    2.00    2.00  clk       0.00  
prdata[18]    0.00    0.00    2.00    2.00  clk       0.00  
prdata[19]    0.00    0.00    2.00    2.00  clk       0.00  
prdata[20]    0.00    0.00    2.00    2.00  clk       0.00  
prdata[21]    0.00    0.00    2.00    2.00  clk       0.00  
prdata[22]    0.00    0.00    2.00    2.00  clk       0.00  
prdata[23]    0.00    0.00    2.00    2.00  clk       0.00  
prdata[24]    0.00    0.00    2.00    2.00  clk       0.00  
prdata[25]    0.00    0.00    2.00    2.00  clk       0.00  
prdata[26]    0.00    0.00    2.00    2.00  clk       0.00  
prdata[27]    0.00    0.00    2.00    2.00  clk       0.00  
prdata[28]    0.00    0.00    2.00    2.00  clk       0.00  
prdata[29]    0.00    0.00    2.00    2.00  clk       0.00  
prdata[30]    0.00    0.00    2.00    2.00  clk       0.00  
prdata[31]    0.00    0.00    2.00    2.00  clk       0.00  
pready        0.00    0.00    2.00    2.00  clk       0.00  
rready        0.00    0.00    2.00    2.00  clk       0.00  

1
