 
****************************************
Report : clocks
Design : sha256
Version: O-2018.06-SP1
Date   : Fri Sep 15 10:31:25 2023
****************************************

Attributes:
    d - dont_touch_network
    f - fix_hold
    p - propagated_clock
    G - generated_clock
    g - lib_generated_clock

Clock          Period   Waveform            Attrs     Sources
--------------------------------------------------------------------------------
clk              4.00   {0 2}                         {clk}
--------------------------------------------------------------------------------
1
 
****************************************
Report : clock_skew
Design : sha256
Version: O-2018.06-SP1
Date   : Fri Sep 15 10:31:25 2023
****************************************

                 Rise      Fall  Min Rise  Min fall        Uncertainty
Object          Delay     Delay     Delay     Delay     Plus      Minus
--------------------------------------------------------------------------------
clk              1.00      1.00      1.00      1.00      0.08      0.20

                 Max Transition      Min Transition
Object           Rise      Fall      Rise      Fall
-------------------------------------------------------
clk              0.10      0.10      0.10      0.10
1
